gplink-0.14.2 #774 (Oct 23 2012)
Map File - Created 12-15-2012  16:08:58
 
                                 Section Info
                  Section       Type    Address   Location Size(Bytes)
                ---------  ---------  ---------  ---------  ---------
        S_main__reset_isr       code   00000000    program   0x000004
 S___eeprom_gptrget1_stub       code   0x000004    program   0x000004
S_main__high_priority_isr       code   0x000008    program   0x000004
     S_main__disable_boot       code   0x00000c    program   0x00000c
 S_main__low_priority_isr       code   0x000018    program   0x000004
S_main__usb_ep_data_out_callback       code   0x00001c    program   0x000222
    S_picUSB__InDataStage       code   0x00023e    program   0x0001c0
   S_picUSB__OutDataStage       code   0x0003fe    program   0x000136
  S_picUSB__GetDescriptor       code   0x000534    program   0x0000ec
     S_picUSB__SetupStage       code   0x000620    program   0x0000c0
S_picUSB__ProcessControlTransfer       code   0x0006e0    program   0x0000bc
S_picUSB__ProcessStandardRequest       code   0x00079c    program   0x0000bc
             S_main__main       code   0x000858    program   0x0000b2
                    .code       code   0x00090a    program   0x000068
S_picUSB__ProcessUSBTransactions       code   0x000972    program   0x00004e
       S_picUSB__BusReset       code   0x0009c0    program   0x000040
S_picUSB__EnableUSBModule       code   0x000a00    program   0x00002c
    S_gptrget1___gptrget1       code   0x000a2c    program   0x000022
S_eeprom8_gptrput1____eeprom8_gptrput1       code   0x000a4e    program   0x000020
S_main__usb_configure_endpoints       code   0x000a6e    program   0x00001a
S_picUSB__WaitForSetupStage       code   0x000a88    program   0x00001a
S_eeprom8_gptrget1____eeprom8_gptrget1       code   0x000aa2    program   0x000018
    S_gptrput1___gptrput1       code   0x000aba    program   0x000016
            S_main__delay       code   0x000ad0    program   0x000010
S_eeprom8_write____eeprom8_write       code   0x000ae0    program   0x000010
      S_main__start_write       code   0x000af0    program   0x00000a
      S_picUSB__UnSuspend       code   0x000afa    program   0x000008
 S___eeprom_gptrput1_stub       code   0x000b02    program   0x000004
                  .config       code   0x300000    program   0x00000e
               .registers      udata   00000000       data   0x00000a
          ustat_picUSB_00      udata   0x000400       data   0x000080
           udata_picUSB_2      udata   0x000480       data   0x000040
           udata_picUSB_4      udata   0x0004c0       data   0x000003
           udata_picUSB_8      udata   0x0004c3       data   0x000003
           udata_picUSB_5      udata   0x0004c6       data   0x000002
           udata_picUSB_0      udata   0x0004c8       data   0x000001
           udata_picUSB_1      udata   0x0004c9       data   0x000001
           udata_picUSB_3      udata   0x0004ca       data   0x000001
           udata_picUSB_6      udata   0x0004cb       data   0x000001
           udata_picUSB_7      udata   0x0004cc       data   0x000001
           udata_picUSB_9      udata   0x0004cd       data   0x000001
                  usbram5      udata   0x000500       data   0x000080
      ustat_pic18f4550_00      udata   0x000f62       data   0x000023
      ustat_pic18f4550_01      udata   0x000f89       data   0x000005
      ustat_pic18f4550_02      udata   0x000f92       data   0x000005
      ustat_pic18f4550_03      udata   0x000f9b       data   0x000001
      ustat_pic18f4550_04      udata   0x000f9d       data   0x000006
      ustat_pic18f4550_05      udata   0x000fa6       data   0x000004
      ustat_pic18f4550_06      udata   0x000fab       data   0x00000e
      ustat_pic18f4550_07      udata   0x000fba       data   0x00001a
      ustat_pic18f4550_08      udata   0x000fd5       data   0x00002b
 
                              Program Memory Usage
                               Start         End
                           ---------   ---------
                            0x300000    0x30000d
                            00000000    0x000003
                            0x000008    0x00000b
                            0x000018    0x00001b
                            0x000858    0x000909
                            0x00001c    0x00023d
                            0x000a6e    0x000a87
                            0x00000c    0x000017
                            0x000af0    0x000af9
                            0x000ad0    0x000adf
                            0x00090a    0x000971
                            0x000972    0x0009bf
                            0x0009c0    0x0009ff
                            0x000afa    0x000b01
                            0x000a00    0x000a2b
                            0x0006e0    0x00079b
                            0x000a88    0x000aa1
                            0x000620    0x0006df
                            0x0003fe    0x000533
                            0x00023e    0x0003fd
                            0x00079c    0x000857
                            0x000534    0x00061f
                            0x000aba    0x000acf
                            0x000a2c    0x000a4d
                            0x000004    0x000007
                            0x000b02    0x000b05
                            0x000a4e    0x000a6d
                            0x000ae0    0x000aef
                            0x000aa2    0x000ab9
 
                            1418 program addresses used
 
                              Symbols
                     Name    Address   Location    Storage File
                ---------  ---------  ---------  --------- ---------
                    r0x00   00000000       data     static obj/main.asm
                    r0x01   0x000001       data     static obj/main.asm
                    r0x02   0x000002       data     static obj/main.asm
                    r0x03   0x000003       data     static obj/main.asm
                    r0x04   0x000004       data     static obj/main.asm
                    r0x05   0x000005       data     static obj/main.asm
               _reset_isr   00000000    program     extern obj/main.asm
       _high_priority_isr   0x000008    program     extern obj/main.asm
        _low_priority_isr   0x000018    program     extern obj/main.asm
                    _main   0x000858    program     extern obj/main.asm
               _00217_DS_   0x000894    program     static obj/main.asm
               _00256_DS_   0x0008a8    program     static obj/main.asm
               _00258_DS_   0x0008be    program     static obj/main.asm
               _00219_DS_   0x0008c6    program     static obj/main.asm
               _00237_DS_   0x0008d4    program     static obj/main.asm
               _00229_DS_   0x0008d8    program     static obj/main.asm
               _00223_DS_   0x0008e6    program     static obj/main.asm
_usb_ep_data_out_callback   0x00001c    program     extern obj/main.asm
               _00137_DS_   0x000096    program     static obj/main.asm
               _00134_DS_   0x0000c2    program     static obj/main.asm
               _00144_DS_   0x0000cc    program     static obj/main.asm
               _00147_DS_   0x0000f2    program     static obj/main.asm
               _00131_DS_   0x000118    program     static obj/main.asm
               _00148_DS_   0x000122    program     static obj/main.asm
               _00151_DS_   0x000148    program     static obj/main.asm
               _00128_DS_   0x000170    program     static obj/main.asm
               _00152_DS_   0x00017e    program     static obj/main.asm
               _00155_DS_   0x000196    program     static obj/main.asm
               _00138_DS_   0x0001b2    program     static obj/main.asm
               _00140_DS_   0x0001da    program     static obj/main.asm
               _00143_DS_   0x0001e0    program     static obj/main.asm
 _usb_configure_endpoints   0x000a6e    program     extern obj/main.asm
            _disable_boot   0x00000c    program     extern obj/main.asm
             _start_write   0x000af0    program     extern obj/main.asm
                   _delay   0x000ad0    program     extern obj/main.asm
             startup_loop   0x000ad8    program     static obj/main.asm
       _device_descriptor   0x00090a    program     extern obj/main.asm
_configuration_descriptor   0x00091c    program     extern obj/main.asm
                    _lang   0x00093c    program     extern obj/main.asm
                    _manu   0x000940    program     extern obj/main.asm
                    _prod   0x000956    program     extern obj/main.asm
       _string_descriptor   0x000968    program     extern obj/main.asm
                    r0x00   00000000       data     static obj/picUSB.asm
                    r0x01   0x000001       data     static obj/picUSB.asm
                    r0x02   0x000002       data     static obj/picUSB.asm
                    r0x03   0x000003       data     static obj/picUSB.asm
                    r0x04   0x000004       data     static obj/picUSB.asm
                    r0x05   0x000005       data     static obj/picUSB.asm
                    r0x06   0x000006       data     static obj/picUSB.asm
                    r0x07   0x000007       data     static obj/picUSB.asm
                    r0x08   0x000008       data     static obj/picUSB.asm
                    r0x09   0x000009       data     static obj/picUSB.asm
             _SetupPacket   0x000500       data     extern obj/picUSB.asm
   _controlTransferBuffer   0x000540       data     extern obj/picUSB.asm
             _selfPowered   0x0004c8       data     extern obj/picUSB.asm
           _deviceAddress   0x0004c9       data     extern obj/picUSB.asm
                 _bootCmd   0x000480       data     extern obj/picUSB.asm
          _requestHandled   0x0004ca       data     extern obj/picUSB.asm
                  _outPtr   0x0004c0       data     extern obj/picUSB.asm
                  _wCount   0x0004c6       data     extern obj/picUSB.asm
             _deviceState   0x0004cb       data     extern obj/picUSB.asm
    _currentConfiguration   0x0004cc       data     extern obj/picUSB.asm
                   _inPtr   0x0004c3       data     extern obj/picUSB.asm
       _ctrlTransferStage   0x0004cd       data     extern obj/picUSB.asm
                  _ep_bdt   0x000400       data     extern obj/picUSB.asm
  _ProcessUSBTransactions   0x000972    program     extern obj/picUSB.asm
               _00416_DS_   0x000986    program     static obj/picUSB.asm
               _00421_DS_   0x00099c    program     static obj/picUSB.asm
               _00424_DS_   0x0009a4    program     static obj/picUSB.asm
               _00431_DS_   0x0009ba    program     static obj/picUSB.asm
                _BusReset   0x0009c0    program     extern obj/picUSB.asm
               _00396_DS_   0x0009d6    program     static obj/picUSB.asm
               _00398_DS_   0x0009e6    program     static obj/picUSB.asm
               _UnSuspend   0x000afa    program     extern obj/picUSB.asm
         _EnableUSBModule   0x000a00    program     extern obj/picUSB.asm
               _00370_DS_   0x000a10    program     static obj/picUSB.asm
               _00374_DS_   0x000a2a    program     static obj/picUSB.asm
  _ProcessControlTransfer   0x0006e0    program     extern obj/picUSB.asm
               _00300_DS_   0x000712    program     static obj/picUSB.asm
               _00294_DS_   0x000730    program     static obj/picUSB.asm
               _00297_DS_   0x000738    program     static obj/picUSB.asm
               _00314_DS_   0x00073e    program     static obj/picUSB.asm
               _00305_DS_   0x000758    program     static obj/picUSB.asm
               _00308_DS_   0x000776    program     static obj/picUSB.asm
               _00311_DS_   0x00077e    program     static obj/picUSB.asm
               _00319_DS_   0x000784    program     static obj/picUSB.asm
               _00321_DS_   0x000792    program     static obj/picUSB.asm
       _WaitForSetupStage   0x000a88    program     extern obj/picUSB.asm
              _SetupStage   0x000620    program     extern obj/picUSB.asm
               _00266_DS_   0x000668    program     static obj/picUSB.asm
               _00283_DS_   0x000680    program     static obj/picUSB.asm
               _00261_DS_   0x00068a    program     static obj/picUSB.asm
               _00263_DS_   0x0006ba    program     static obj/picUSB.asm
               _00267_DS_   0x0006d8    program     static obj/picUSB.asm
            _OutDataStage   0x0003fe    program     extern obj/picUSB.asm
               _00238_DS_   0x0004a2    program     static obj/picUSB.asm
               _00253_DS_   0x0004ac    program     static obj/picUSB.asm
               _10413_DS_   0x0004e2    program     static obj/picUSB.asm
               _00254_DS_   0x0004e2    program     static obj/picUSB.asm
               _20414_DS_   0x000500    program     static obj/picUSB.asm
               _00255_DS_   0x000500    program     static obj/picUSB.asm
               _00242_DS_   0x000506    program     static obj/picUSB.asm
             _InDataStage   0x00023e    program     extern obj/picUSB.asm
               _00225_DS_   0x00027c    program     static obj/picUSB.asm
               _00207_DS_   0x000288    program     static obj/picUSB.asm
               _00208_DS_   0x00028e    program     static obj/picUSB.asm
               _00209_DS_   0x00036c    program     static obj/picUSB.asm
               _00231_DS_   0x00037c    program     static obj/picUSB.asm
               _30415_DS_   0x0003b2    program     static obj/picUSB.asm
               _00232_DS_   0x0003b2    program     static obj/picUSB.asm
               _40416_DS_   0x0003d0    program     static obj/picUSB.asm
               _00233_DS_   0x0003d0    program     static obj/picUSB.asm
               _00213_DS_   0x0003d4    program     static obj/picUSB.asm
  _ProcessStandardRequest   0x00079c    program     extern obj/picUSB.asm
               _00161_DS_   0x0007be    program     static obj/picUSB.asm
               _00158_DS_   0x0007cc    program     static obj/picUSB.asm
               _00144_DS_   0x0007f0    program     static obj/picUSB.asm
               _00155_DS_   0x0007f8    program     static obj/picUSB.asm
               _00152_DS_   0x00081e    program     static obj/picUSB.asm
               _00149_DS_   0x000848    program     static obj/picUSB.asm
               _00163_DS_   0x000856    program     static obj/picUSB.asm
           _GetDescriptor   0x000534    program     static obj/picUSB.asm
               _00130_DS_   0x00054a    program     static obj/picUSB.asm
               _00111_DS_   0x000570    program     static obj/picUSB.asm
               _00108_DS_   0x0005a6    program     static obj/picUSB.asm
               _00115_DS_   0x000612    program     static obj/picUSB.asm
                 _SPPDATA   0x000f62       data     extern libdev18f4550_a-pic18f4550.asm
                  _SPPCFG   0x000f63       data     extern libdev18f4550_a-pic18f4550.asm
              _SPPCFGbits   0x000f63       data     extern libdev18f4550_a-pic18f4550.asm
                  _SPPEPS   0x000f64       data     extern libdev18f4550_a-pic18f4550.asm
              _SPPEPSbits   0x000f64       data     extern libdev18f4550_a-pic18f4550.asm
                  _SPPCON   0x000f65       data     extern libdev18f4550_a-pic18f4550.asm
              _SPPCONbits   0x000f65       data     extern libdev18f4550_a-pic18f4550.asm
                    _UFRM   0x000f66       data     extern libdev18f4550_a-pic18f4550.asm
                   _UFRML   0x000f66       data     extern libdev18f4550_a-pic18f4550.asm
               _UFRMLbits   0x000f66       data     extern libdev18f4550_a-pic18f4550.asm
                   _UFRMH   0x000f67       data     extern libdev18f4550_a-pic18f4550.asm
               _UFRMHbits   0x000f67       data     extern libdev18f4550_a-pic18f4550.asm
                     _UIR   0x000f68       data     extern libdev18f4550_a-pic18f4550.asm
                 _UIRbits   0x000f68       data     extern libdev18f4550_a-pic18f4550.asm
                     _UIE   0x000f69       data     extern libdev18f4550_a-pic18f4550.asm
                 _UIEbits   0x000f69       data     extern libdev18f4550_a-pic18f4550.asm
                    _UEIR   0x000f6a       data     extern libdev18f4550_a-pic18f4550.asm
                _UEIRbits   0x000f6a       data     extern libdev18f4550_a-pic18f4550.asm
                    _UEIE   0x000f6b       data     extern libdev18f4550_a-pic18f4550.asm
                _UEIEbits   0x000f6b       data     extern libdev18f4550_a-pic18f4550.asm
                   _USTAT   0x000f6c       data     extern libdev18f4550_a-pic18f4550.asm
               _USTATbits   0x000f6c       data     extern libdev18f4550_a-pic18f4550.asm
                    _UCON   0x000f6d       data     extern libdev18f4550_a-pic18f4550.asm
                _UCONbits   0x000f6d       data     extern libdev18f4550_a-pic18f4550.asm
                   _UADDR   0x000f6e       data     extern libdev18f4550_a-pic18f4550.asm
               _UADDRbits   0x000f6e       data     extern libdev18f4550_a-pic18f4550.asm
                    _UCFG   0x000f6f       data     extern libdev18f4550_a-pic18f4550.asm
                _UCFGbits   0x000f6f       data     extern libdev18f4550_a-pic18f4550.asm
                    _UEP0   0x000f70       data     extern libdev18f4550_a-pic18f4550.asm
                _UEP0bits   0x000f70       data     extern libdev18f4550_a-pic18f4550.asm
                    _UEP1   0x000f71       data     extern libdev18f4550_a-pic18f4550.asm
                _UEP1bits   0x000f71       data     extern libdev18f4550_a-pic18f4550.asm
                    _UEP2   0x000f72       data     extern libdev18f4550_a-pic18f4550.asm
                _UEP2bits   0x000f72       data     extern libdev18f4550_a-pic18f4550.asm
                    _UEP3   0x000f73       data     extern libdev18f4550_a-pic18f4550.asm
                _UEP3bits   0x000f73       data     extern libdev18f4550_a-pic18f4550.asm
                    _UEP4   0x000f74       data     extern libdev18f4550_a-pic18f4550.asm
                _UEP4bits   0x000f74       data     extern libdev18f4550_a-pic18f4550.asm
                    _UEP5   0x000f75       data     extern libdev18f4550_a-pic18f4550.asm
                _UEP5bits   0x000f75       data     extern libdev18f4550_a-pic18f4550.asm
                    _UEP6   0x000f76       data     extern libdev18f4550_a-pic18f4550.asm
                _UEP6bits   0x000f76       data     extern libdev18f4550_a-pic18f4550.asm
                    _UEP7   0x000f77       data     extern libdev18f4550_a-pic18f4550.asm
                _UEP7bits   0x000f77       data     extern libdev18f4550_a-pic18f4550.asm
                    _UEP8   0x000f78       data     extern libdev18f4550_a-pic18f4550.asm
                _UEP8bits   0x000f78       data     extern libdev18f4550_a-pic18f4550.asm
                    _UEP9   0x000f79       data     extern libdev18f4550_a-pic18f4550.asm
                _UEP9bits   0x000f79       data     extern libdev18f4550_a-pic18f4550.asm
                   _UEP10   0x000f7a       data     extern libdev18f4550_a-pic18f4550.asm
               _UEP10bits   0x000f7a       data     extern libdev18f4550_a-pic18f4550.asm
                   _UEP11   0x000f7b       data     extern libdev18f4550_a-pic18f4550.asm
               _UEP11bits   0x000f7b       data     extern libdev18f4550_a-pic18f4550.asm
                   _UEP12   0x000f7c       data     extern libdev18f4550_a-pic18f4550.asm
               _UEP12bits   0x000f7c       data     extern libdev18f4550_a-pic18f4550.asm
                   _UEP13   0x000f7d       data     extern libdev18f4550_a-pic18f4550.asm
               _UEP13bits   0x000f7d       data     extern libdev18f4550_a-pic18f4550.asm
                   _UEP14   0x000f7e       data     extern libdev18f4550_a-pic18f4550.asm
               _UEP14bits   0x000f7e       data     extern libdev18f4550_a-pic18f4550.asm
                   _UEP15   0x000f7f       data     extern libdev18f4550_a-pic18f4550.asm
               _UEP15bits   0x000f7f       data     extern libdev18f4550_a-pic18f4550.asm
                   _PORTA   0x000f80       data     extern libdev18f4550_a-pic18f4550.asm
               _PORTAbits   0x000f80       data     extern libdev18f4550_a-pic18f4550.asm
                   _PORTB   0x000f81       data     extern libdev18f4550_a-pic18f4550.asm
               _PORTBbits   0x000f81       data     extern libdev18f4550_a-pic18f4550.asm
                   _PORTC   0x000f82       data     extern libdev18f4550_a-pic18f4550.asm
               _PORTCbits   0x000f82       data     extern libdev18f4550_a-pic18f4550.asm
                   _PORTD   0x000f83       data     extern libdev18f4550_a-pic18f4550.asm
               _PORTDbits   0x000f83       data     extern libdev18f4550_a-pic18f4550.asm
                   _PORTE   0x000f84       data     extern libdev18f4550_a-pic18f4550.asm
               _PORTEbits   0x000f84       data     extern libdev18f4550_a-pic18f4550.asm
                    _LATA   0x000f89       data     extern libdev18f4550_a-pic18f4550.asm
                _LATAbits   0x000f89       data     extern libdev18f4550_a-pic18f4550.asm
                    _LATB   0x000f8a       data     extern libdev18f4550_a-pic18f4550.asm
                _LATBbits   0x000f8a       data     extern libdev18f4550_a-pic18f4550.asm
                    _LATC   0x000f8b       data     extern libdev18f4550_a-pic18f4550.asm
                _LATCbits   0x000f8b       data     extern libdev18f4550_a-pic18f4550.asm
                    _LATD   0x000f8c       data     extern libdev18f4550_a-pic18f4550.asm
                _LATDbits   0x000f8c       data     extern libdev18f4550_a-pic18f4550.asm
                    _LATE   0x000f8d       data     extern libdev18f4550_a-pic18f4550.asm
                _LATEbits   0x000f8d       data     extern libdev18f4550_a-pic18f4550.asm
                    _DDRA   0x000f92       data     extern libdev18f4550_a-pic18f4550.asm
                _DDRAbits   0x000f92       data     extern libdev18f4550_a-pic18f4550.asm
                   _TRISA   0x000f92       data     extern libdev18f4550_a-pic18f4550.asm
               _TRISAbits   0x000f92       data     extern libdev18f4550_a-pic18f4550.asm
                    _DDRB   0x000f93       data     extern libdev18f4550_a-pic18f4550.asm
                _DDRBbits   0x000f93       data     extern libdev18f4550_a-pic18f4550.asm
                   _TRISB   0x000f93       data     extern libdev18f4550_a-pic18f4550.asm
               _TRISBbits   0x000f93       data     extern libdev18f4550_a-pic18f4550.asm
                    _DDRC   0x000f94       data     extern libdev18f4550_a-pic18f4550.asm
                _DDRCbits   0x000f94       data     extern libdev18f4550_a-pic18f4550.asm
                   _TRISC   0x000f94       data     extern libdev18f4550_a-pic18f4550.asm
               _TRISCbits   0x000f94       data     extern libdev18f4550_a-pic18f4550.asm
                    _DDRD   0x000f95       data     extern libdev18f4550_a-pic18f4550.asm
                _DDRDbits   0x000f95       data     extern libdev18f4550_a-pic18f4550.asm
                   _TRISD   0x000f95       data     extern libdev18f4550_a-pic18f4550.asm
               _TRISDbits   0x000f95       data     extern libdev18f4550_a-pic18f4550.asm
                    _DDRE   0x000f96       data     extern libdev18f4550_a-pic18f4550.asm
                _DDREbits   0x000f96       data     extern libdev18f4550_a-pic18f4550.asm
                   _TRISE   0x000f96       data     extern libdev18f4550_a-pic18f4550.asm
               _TRISEbits   0x000f96       data     extern libdev18f4550_a-pic18f4550.asm
                 _OSCTUNE   0x000f9b       data     extern libdev18f4550_a-pic18f4550.asm
             _OSCTUNEbits   0x000f9b       data     extern libdev18f4550_a-pic18f4550.asm
                    _PIE1   0x000f9d       data     extern libdev18f4550_a-pic18f4550.asm
                _PIE1bits   0x000f9d       data     extern libdev18f4550_a-pic18f4550.asm
                    _PIR1   0x000f9e       data     extern libdev18f4550_a-pic18f4550.asm
                _PIR1bits   0x000f9e       data     extern libdev18f4550_a-pic18f4550.asm
                    _IPR1   0x000f9f       data     extern libdev18f4550_a-pic18f4550.asm
                _IPR1bits   0x000f9f       data     extern libdev18f4550_a-pic18f4550.asm
                    _PIE2   0x000fa0       data     extern libdev18f4550_a-pic18f4550.asm
                _PIE2bits   0x000fa0       data     extern libdev18f4550_a-pic18f4550.asm
                    _PIR2   0x000fa1       data     extern libdev18f4550_a-pic18f4550.asm
                _PIR2bits   0x000fa1       data     extern libdev18f4550_a-pic18f4550.asm
                    _IPR2   0x000fa2       data     extern libdev18f4550_a-pic18f4550.asm
                _IPR2bits   0x000fa2       data     extern libdev18f4550_a-pic18f4550.asm
                  _EECON1   0x000fa6       data     extern libdev18f4550_a-pic18f4550.asm
              _EECON1bits   0x000fa6       data     extern libdev18f4550_a-pic18f4550.asm
                  _EECON2   0x000fa7       data     extern libdev18f4550_a-pic18f4550.asm
                  _EEDATA   0x000fa8       data     extern libdev18f4550_a-pic18f4550.asm
                   _EEADR   0x000fa9       data     extern libdev18f4550_a-pic18f4550.asm
                   _RCSTA   0x000fab       data     extern libdev18f4550_a-pic18f4550.asm
               _RCSTAbits   0x000fab       data     extern libdev18f4550_a-pic18f4550.asm
                   _TXSTA   0x000fac       data     extern libdev18f4550_a-pic18f4550.asm
               _TXSTAbits   0x000fac       data     extern libdev18f4550_a-pic18f4550.asm
                   _TXREG   0x000fad       data     extern libdev18f4550_a-pic18f4550.asm
                   _RCREG   0x000fae       data     extern libdev18f4550_a-pic18f4550.asm
                   _SPBRG   0x000faf       data     extern libdev18f4550_a-pic18f4550.asm
                  _SPBRGH   0x000fb0       data     extern libdev18f4550_a-pic18f4550.asm
                   _T3CON   0x000fb1       data     extern libdev18f4550_a-pic18f4550.asm
               _T3CONbits   0x000fb1       data     extern libdev18f4550_a-pic18f4550.asm
                    _TMR3   0x000fb2       data     extern libdev18f4550_a-pic18f4550.asm
                   _TMR3L   0x000fb2       data     extern libdev18f4550_a-pic18f4550.asm
                   _TMR3H   0x000fb3       data     extern libdev18f4550_a-pic18f4550.asm
                   _CMCON   0x000fb4       data     extern libdev18f4550_a-pic18f4550.asm
               _CMCONbits   0x000fb4       data     extern libdev18f4550_a-pic18f4550.asm
                  _CVRCON   0x000fb5       data     extern libdev18f4550_a-pic18f4550.asm
              _CVRCONbits   0x000fb5       data     extern libdev18f4550_a-pic18f4550.asm
                  _CCP1AS   0x000fb6       data     extern libdev18f4550_a-pic18f4550.asm
              _CCP1ASbits   0x000fb6       data     extern libdev18f4550_a-pic18f4550.asm
                 _ECCP1AS   0x000fb6       data     extern libdev18f4550_a-pic18f4550.asm
             _ECCP1ASbits   0x000fb6       data     extern libdev18f4550_a-pic18f4550.asm
                 _CCP1DEL   0x000fb7       data     extern libdev18f4550_a-pic18f4550.asm
             _CCP1DELbits   0x000fb7       data     extern libdev18f4550_a-pic18f4550.asm
                _ECCP1DEL   0x000fb7       data     extern libdev18f4550_a-pic18f4550.asm
            _ECCP1DELbits   0x000fb7       data     extern libdev18f4550_a-pic18f4550.asm
                 _BAUDCON   0x000fb8       data     extern libdev18f4550_a-pic18f4550.asm
             _BAUDCONbits   0x000fb8       data     extern libdev18f4550_a-pic18f4550.asm
                 _BAUDCTL   0x000fb8       data     extern libdev18f4550_a-pic18f4550.asm
             _BAUDCTLbits   0x000fb8       data     extern libdev18f4550_a-pic18f4550.asm
                 _CCP2CON   0x000fba       data     extern libdev18f4550_a-pic18f4550.asm
             _CCP2CONbits   0x000fba       data     extern libdev18f4550_a-pic18f4550.asm
                   _CCPR2   0x000fbb       data     extern libdev18f4550_a-pic18f4550.asm
                  _CCPR2L   0x000fbb       data     extern libdev18f4550_a-pic18f4550.asm
                  _CCPR2H   0x000fbc       data     extern libdev18f4550_a-pic18f4550.asm
                 _CCP1CON   0x000fbd       data     extern libdev18f4550_a-pic18f4550.asm
             _CCP1CONbits   0x000fbd       data     extern libdev18f4550_a-pic18f4550.asm
                _ECCP1CON   0x000fbd       data     extern libdev18f4550_a-pic18f4550.asm
            _ECCP1CONbits   0x000fbd       data     extern libdev18f4550_a-pic18f4550.asm
                   _CCPR1   0x000fbe       data     extern libdev18f4550_a-pic18f4550.asm
                  _CCPR1L   0x000fbe       data     extern libdev18f4550_a-pic18f4550.asm
                  _CCPR1H   0x000fbf       data     extern libdev18f4550_a-pic18f4550.asm
                  _ADCON2   0x000fc0       data     extern libdev18f4550_a-pic18f4550.asm
              _ADCON2bits   0x000fc0       data     extern libdev18f4550_a-pic18f4550.asm
                  _ADCON1   0x000fc1       data     extern libdev18f4550_a-pic18f4550.asm
              _ADCON1bits   0x000fc1       data     extern libdev18f4550_a-pic18f4550.asm
                  _ADCON0   0x000fc2       data     extern libdev18f4550_a-pic18f4550.asm
              _ADCON0bits   0x000fc2       data     extern libdev18f4550_a-pic18f4550.asm
                   _ADRES   0x000fc3       data     extern libdev18f4550_a-pic18f4550.asm
                  _ADRESL   0x000fc3       data     extern libdev18f4550_a-pic18f4550.asm
                  _ADRESH   0x000fc4       data     extern libdev18f4550_a-pic18f4550.asm
                 _SSPCON2   0x000fc5       data     extern libdev18f4550_a-pic18f4550.asm
             _SSPCON2bits   0x000fc5       data     extern libdev18f4550_a-pic18f4550.asm
                 _SSPCON1   0x000fc6       data     extern libdev18f4550_a-pic18f4550.asm
             _SSPCON1bits   0x000fc6       data     extern libdev18f4550_a-pic18f4550.asm
                 _SSPSTAT   0x000fc7       data     extern libdev18f4550_a-pic18f4550.asm
             _SSPSTATbits   0x000fc7       data     extern libdev18f4550_a-pic18f4550.asm
                  _SSPADD   0x000fc8       data     extern libdev18f4550_a-pic18f4550.asm
                  _SSPBUF   0x000fc9       data     extern libdev18f4550_a-pic18f4550.asm
                   _T2CON   0x000fca       data     extern libdev18f4550_a-pic18f4550.asm
               _T2CONbits   0x000fca       data     extern libdev18f4550_a-pic18f4550.asm
                     _PR2   0x000fcb       data     extern libdev18f4550_a-pic18f4550.asm
                    _TMR2   0x000fcc       data     extern libdev18f4550_a-pic18f4550.asm
                   _T1CON   0x000fcd       data     extern libdev18f4550_a-pic18f4550.asm
               _T1CONbits   0x000fcd       data     extern libdev18f4550_a-pic18f4550.asm
                    _TMR1   0x000fce       data     extern libdev18f4550_a-pic18f4550.asm
                   _TMR1L   0x000fce       data     extern libdev18f4550_a-pic18f4550.asm
                   _TMR1H   0x000fcf       data     extern libdev18f4550_a-pic18f4550.asm
                    _RCON   0x000fd0       data     extern libdev18f4550_a-pic18f4550.asm
                _RCONbits   0x000fd0       data     extern libdev18f4550_a-pic18f4550.asm
                  _WDTCON   0x000fd1       data     extern libdev18f4550_a-pic18f4550.asm
              _WDTCONbits   0x000fd1       data     extern libdev18f4550_a-pic18f4550.asm
                 _HLVDCON   0x000fd2       data     extern libdev18f4550_a-pic18f4550.asm
             _HLVDCONbits   0x000fd2       data     extern libdev18f4550_a-pic18f4550.asm
                  _LVDCON   0x000fd2       data     extern libdev18f4550_a-pic18f4550.asm
              _LVDCONbits   0x000fd2       data     extern libdev18f4550_a-pic18f4550.asm
                  _OSCCON   0x000fd3       data     extern libdev18f4550_a-pic18f4550.asm
              _OSCCONbits   0x000fd3       data     extern libdev18f4550_a-pic18f4550.asm
                   _T0CON   0x000fd5       data     extern libdev18f4550_a-pic18f4550.asm
               _T0CONbits   0x000fd5       data     extern libdev18f4550_a-pic18f4550.asm
                    _TMR0   0x000fd6       data     extern libdev18f4550_a-pic18f4550.asm
                   _TMR0L   0x000fd6       data     extern libdev18f4550_a-pic18f4550.asm
                   _TMR0H   0x000fd7       data     extern libdev18f4550_a-pic18f4550.asm
                  _STATUS   0x000fd8       data     extern libdev18f4550_a-pic18f4550.asm
              _STATUSbits   0x000fd8       data     extern libdev18f4550_a-pic18f4550.asm
                   _FSR2L   0x000fd9       data     extern libdev18f4550_a-pic18f4550.asm
                   _FSR2H   0x000fda       data     extern libdev18f4550_a-pic18f4550.asm
                  _PLUSW2   0x000fdb       data     extern libdev18f4550_a-pic18f4550.asm
                 _PREINC2   0x000fdc       data     extern libdev18f4550_a-pic18f4550.asm
                _POSTDEC2   0x000fdd       data     extern libdev18f4550_a-pic18f4550.asm
                _POSTINC2   0x000fde       data     extern libdev18f4550_a-pic18f4550.asm
                   _INDF2   0x000fdf       data     extern libdev18f4550_a-pic18f4550.asm
                     _BSR   0x000fe0       data     extern libdev18f4550_a-pic18f4550.asm
                   _FSR1L   0x000fe1       data     extern libdev18f4550_a-pic18f4550.asm
                   _FSR1H   0x000fe2       data     extern libdev18f4550_a-pic18f4550.asm
                  _PLUSW1   0x000fe3       data     extern libdev18f4550_a-pic18f4550.asm
                 _PREINC1   0x000fe4       data     extern libdev18f4550_a-pic18f4550.asm
                _POSTDEC1   0x000fe5       data     extern libdev18f4550_a-pic18f4550.asm
                _POSTINC1   0x000fe6       data     extern libdev18f4550_a-pic18f4550.asm
                   _INDF1   0x000fe7       data     extern libdev18f4550_a-pic18f4550.asm
                    _WREG   0x000fe8       data     extern libdev18f4550_a-pic18f4550.asm
                   _FSR0L   0x000fe9       data     extern libdev18f4550_a-pic18f4550.asm
                   _FSR0H   0x000fea       data     extern libdev18f4550_a-pic18f4550.asm
                  _PLUSW0   0x000feb       data     extern libdev18f4550_a-pic18f4550.asm
                 _PREINC0   0x000fec       data     extern libdev18f4550_a-pic18f4550.asm
                _POSTDEC0   0x000fed       data     extern libdev18f4550_a-pic18f4550.asm
                _POSTINC0   0x000fee       data     extern libdev18f4550_a-pic18f4550.asm
                   _INDF0   0x000fef       data     extern libdev18f4550_a-pic18f4550.asm
                 _INTCON3   0x000ff0       data     extern libdev18f4550_a-pic18f4550.asm
             _INTCON3bits   0x000ff0       data     extern libdev18f4550_a-pic18f4550.asm
                 _INTCON2   0x000ff1       data     extern libdev18f4550_a-pic18f4550.asm
             _INTCON2bits   0x000ff1       data     extern libdev18f4550_a-pic18f4550.asm
                  _INTCON   0x000ff2       data     extern libdev18f4550_a-pic18f4550.asm
              _INTCONbits   0x000ff2       data     extern libdev18f4550_a-pic18f4550.asm
                    _PROD   0x000ff3       data     extern libdev18f4550_a-pic18f4550.asm
                   _PRODL   0x000ff3       data     extern libdev18f4550_a-pic18f4550.asm
                   _PRODH   0x000ff4       data     extern libdev18f4550_a-pic18f4550.asm
                  _TABLAT   0x000ff5       data     extern libdev18f4550_a-pic18f4550.asm
                  _TBLPTR   0x000ff6       data     extern libdev18f4550_a-pic18f4550.asm
                 _TBLPTRL   0x000ff6       data     extern libdev18f4550_a-pic18f4550.asm
                 _TBLPTRH   0x000ff7       data     extern libdev18f4550_a-pic18f4550.asm
                 _TBLPTRU   0x000ff8       data     extern libdev18f4550_a-pic18f4550.asm
                      _PC   0x000ff9       data     extern libdev18f4550_a-pic18f4550.asm
                     _PCL   0x000ff9       data     extern libdev18f4550_a-pic18f4550.asm
                  _PCLATH   0x000ffa       data     extern libdev18f4550_a-pic18f4550.asm
                  _PCLATU   0x000ffb       data     extern libdev18f4550_a-pic18f4550.asm
                  _STKPTR   0x000ffc       data     extern libdev18f4550_a-pic18f4550.asm
              _STKPTRbits   0x000ffc       data     extern libdev18f4550_a-pic18f4550.asm
                     _TOS   0x000ffd       data     extern libdev18f4550_a-pic18f4550.asm
                    _TOSL   0x000ffd       data     extern libdev18f4550_a-pic18f4550.asm
                    _TOSH   0x000ffe       data     extern libdev18f4550_a-pic18f4550.asm
                    _TOSU   0x000fff       data     extern libdev18f4550_a-pic18f4550.asm
               __gptrput1   0x000aba    program     extern gptrput1.asm
                 _lab_01_   0x000ac8    program     static gptrput1.asm
               __gptrget1   0x000a2c    program     extern gptrget1.asm
                 _lab_01_   0x000a38    program     static gptrget1.asm
       ___eeprom_gptrget1   0x000004    program     extern ../../../../../../sources/sdcc/device/non-free/lib/pic16/libdev/gptr/eeprom8_gptrget1_dispatch.S
       ___eeprom_gptrput1   0x000b02    program     extern ../../../../../../sources/sdcc/device/non-free/lib/pic16/libdev/gptr/eeprom8_gptrput1_dispatch.S
      ___eeprom8_gptrput1   0x000a4e    program     extern eeprom8_gptrput1.asm
         ___eeprom8_write   0x000ae0    program     extern eeprom8_write.asm
           wait_till_done   0x000aea    program     static eeprom8_write.asm
      ___eeprom8_gptrget1   0x000aa2    program     extern eeprom8_gptrget1.asm
 
