gplink-0.13.7 beta
Map File - Created 4-22-2012  12:53:19
 
                                 Section Info
                  Section       Type    Address   Location Size(Bytes)
                ---------  ---------  ---------  ---------  ---------
S_boot_iface__boot_goto_table       code   0x00001c    program   0x00005e
S_application_iface__application_data       code   0x002000    program   0x00001a
S_crt0ipinguino__application_main       code   0x00201a    program   0x000004
S_usb_descriptors__null_function       code   0x00201e    program   0x000002
S_main__high_priority_isr       code   0x002020    program   0x000050
           S_main__pprint       code   0x002070    program   0x000738
     S_main__serial_print       code   0x0027a8    program   0x00031e
                    .code       code   0x002ac6    program   0x00031c
          S_main__pprinti       code   0x002de2    program   0x000312
          S_main__pprints       code   0x0030f4    program   0x000240
    S_divulong___divulong       code   0x003334    program   0x00011a
       S_main__pprintchar       code   0x00344e    program   0x0000e4
     S_main__serial_begin       code   0x003532    program   0x0000dc
      S_moduint___moduint       code   0x00360e    program   0x0000b8
         S_main__psprintf       code   0x0036c6    program   0x0000ac
      S_divuint___divuint       code   0x003772    program   0x0000aa
          S_main__pprintf       code   0x00381c    program   0x0000a8
S_crt0ipinguino___do_cinit       code   0x0038c4    program   0x000098
 S_main__serial_getstring       code   0x00395c    program   0x00008e
   S_main__serial_println       code   0x0039ea    program   0x00008a
       S_main__analogread       code   0x003a74    program   0x000080
 S_main__serial_interrupt       code   0x003af4    program   0x000068
    S_main__serial_printf       code   0x003b5c    program   0x000064
      S_main__serial_read       code   0x003bc0    program   0x000052
      S_main__analog_init       code   0x003c12    program   0x000044
             S_main__loop       code   0x003c56    program   0x00003c
  S_main__analogReference       code   0x003c92    program   0x000028
 S_main__serial_available       code   0x003cba    program   0x000026
   S_main__serial_putchar       code   0x003ce0    program   0x000024
    S_main__serial_getkey       code   0x003d04    program   0x000020
    S_main__pinguino_main       code   0x003d24    program   0x00001c
S_crt0ipinguino___startup       code   0x003d40    program   0x000018
            S_main__setup       code   0x003d58    program   0x000016
                   .cinit       code   0x003d6e    program   0x00000e
     S_main__serial_flush       code   0x003d7c    program   0x00000c
                 .idata_i       code   0x003d88    program   0x000002
     S_main__epapout_init       code   0x003d8a    program   0x000002
      S_main__epapin_init       code   0x003d8c    program   0x000002
         S_main__epap_out       code   0x003d8e    program   0x000002
          S_main__epap_in       code   0x003d90    program   0x000002
 S_main__low_priority_isr       code   0x004000    program   0x00004a
                   .idata      idata   0x0002e4       data   0x000001
               .registers      udata   00000000       data   0x00001b
      ustat_boot_iface_00      udata   0x00005d       data   0x000003
            stack_section      udata   0x000100       data   0x000100
             udata_main_6      udata   0x000200       data   0x000080
             udata_main_7      udata   0x000280       data   0x000050
             udata_main_1      udata   0x0002d0       data   0x00000c
             udata_main_0      udata   0x0002dc       data   0x000003
             udata_main_3      udata   0x0002df       data   0x000003
             udata_main_2      udata   0x0002e2       data   0x000002
             udata_main_4      udata   0x0002e5       data   0x000001
             udata_main_5      udata   0x0002e6       data   0x000001
      ustat_pic18f2550_00      udata   0x000f62       data   0x000023
      ustat_pic18f2550_01      udata   0x000f89       data   0x000005
      ustat_pic18f2550_02      udata   0x000f92       data   0x000005
      ustat_pic18f2550_03      udata   0x000f9b       data   0x000001
      ustat_pic18f2550_04      udata   0x000f9d       data   0x000006
      ustat_pic18f2550_05      udata   0x000fa6       data   0x000004
      ustat_pic18f2550_06      udata   0x000fab       data   0x00000e
      ustat_pic18f2550_07      udata   0x000fba       data   0x00001a
      ustat_pic18f2550_08      udata   0x000fd5       data   0x00002b
 
                              Program Memory Usage
                               Start         End
                           ---------   ---------
                            0x002000    0x002019
                            0x00201e    0x00201f
                            0x002ac6    0x002de1
                            0x003d88    0x003d89
                            0x0038c4    0x00395b
                            0x003d40    0x003d57
                            0x00201a    0x00201d
                            0x002020    0x00206f
                            0x004000    0x004049
                            0x003d24    0x003d3f
                            0x003c56    0x003c91
                            0x003d58    0x003d6d
                            0x003d8a    0x003d8b
                            0x003d8c    0x003d8d
                            0x003d8e    0x003d8f
                            0x003d90    0x003d91
                            0x0039ea    0x003a73
                            0x0027a8    0x002ac5
                            0x00395c    0x0039e9
                            0x003d04    0x003d23
                            0x003b5c    0x003bbf
                            0x003d7c    0x003d87
                            0x003bc0    0x003c11
                            0x003af4    0x003b5b
                            0x003ce0    0x003d03
                            0x003cba    0x003cdf
                            0x003532    0x00360d
                            0x0036c6    0x003771
                            0x00381c    0x0038c3
                            0x002070    0x0027a7
                            0x002de2    0x0030f3
                            0x0030f4    0x003333
                            0x00344e    0x003531
                            0x003a74    0x003af3
                            0x003c92    0x003cb9
                            0x003c12    0x003c55
                            0x00001c    0x000079
                            0x003772    0x00381b
                            0x00360e    0x0036c5
                            0x003334    0x00344d
                            0x003d6e    0x003d7b
 
                            3869 program addresses used
 
                              Symbols
                     Name    Address   Location    Storage File
                ---------  ---------  ---------  --------- ---------
        _application_data   0x002000    program     extern application_iface.asm
           _null_function   0x00201e    program     extern usb_descriptors.asm
       _device_descriptor   0x002ac6    program     extern usb_descriptors.asm
             _default_cfg   0x002ad8    program     extern usb_descriptors.asm
               _flash_cfg   0x002aea    program     extern usb_descriptors.asm
         _application_cfg   0x002b0a    program     extern usb_descriptors.asm
_configuration_descriptor   0x002b2a    program     extern usb_descriptors.asm
                    _str0   0x002b34    program     extern usb_descriptors.asm
                    _str1   0x002b38    program     extern usb_descriptors.asm
                    _str2   0x002b5e    program     extern usb_descriptors.asm
                    _str3   0x002b80    program     extern usb_descriptors.asm
                    _str4   0x002b84    program     extern usb_descriptors.asm
                    _str5   0x002b94    program     extern usb_descriptors.asm
                    _str6   0x002ba0    program     extern usb_descriptors.asm
       _string_descriptor   0x002bbc    program     extern usb_descriptors.asm
            _ep_init_cfg0   0x002bd2    program     static usb_descriptors.asm
            _ep_init_cfg1   0x002c02    program     static usb_descriptors.asm
            _ep_init_cfg2   0x002c32    program     static usb_descriptors.asm
                 _ep_init   0x002c62    program     extern usb_descriptors.asm
              _ep_in_cfg0   0x002c6e    program     static usb_descriptors.asm
              _ep_in_cfg1   0x002c9e    program     static usb_descriptors.asm
              _ep_in_cfg2   0x002cce    program     static usb_descriptors.asm
                   _ep_in   0x002cfe    program     extern usb_descriptors.asm
             _ep_out_cfg0   0x002d0a    program     static usb_descriptors.asm
             _ep_out_cfg1   0x002d3a    program     static usb_descriptors.asm
             _ep_out_cfg2   0x002d6a    program     static usb_descriptors.asm
                  _ep_out   0x002d9a    program     extern usb_descriptors.asm
           _ep_setup_cfg0   0x002da6    program     static usb_descriptors.asm
                _ep_setup   0x002dd6    program     extern usb_descriptors.asm
                ___uflags   0x0002e4       data     extern obj/Debug/crt0ipinguino.asm
               __do_cinit   0x0038c4    program     extern obj/Debug/crt0ipinguino.asm
                     test   0x0038de    program     static obj/Debug/crt0ipinguino.asm
                    cont1   0x0038e4    program     static obj/Debug/crt0ipinguino.asm
                copy_loop   0x003932    program     static obj/Debug/crt0ipinguino.asm
            copy_one_byte   0x003938    program     static obj/Debug/crt0ipinguino.asm
             done_copying   0x003946    program     static obj/Debug/crt0ipinguino.asm
                     done   0x00395a    program     static obj/Debug/crt0ipinguino.asm
                __startup   0x003d40    program     extern obj/Debug/crt0ipinguino.asm
                   lockup   0x003d56    program     static obj/Debug/crt0ipinguino.asm
        _application_main   0x00201a    program     extern obj/Debug/crt0ipinguino.asm
                    r0x00   00000000       data     static /opt/pinguino/pinguino32/source/main.asm
                    r0x01   0x000001       data     static /opt/pinguino/pinguino32/source/main.asm
                    r0x02   0x000002       data     static /opt/pinguino/pinguino32/source/main.asm
                    r0x03   0x000003       data     static /opt/pinguino/pinguino32/source/main.asm
                    r0x04   0x000004       data     static /opt/pinguino/pinguino32/source/main.asm
                    r0x05   0x000005       data     static /opt/pinguino/pinguino32/source/main.asm
                    r0x06   0x000006       data     static /opt/pinguino/pinguino32/source/main.asm
                    r0x07   0x000007       data     static /opt/pinguino/pinguino32/source/main.asm
                    r0x08   0x000008       data     static /opt/pinguino/pinguino32/source/main.asm
                    r0x09   0x000009       data     static /opt/pinguino/pinguino32/source/main.asm
                    r0x0a   0x00000a       data     static /opt/pinguino/pinguino32/source/main.asm
                    r0x0b   0x00000b       data     static /opt/pinguino/pinguino32/source/main.asm
                    r0x0c   0x00000c       data     static /opt/pinguino/pinguino32/source/main.asm
                    r0x0d   0x00000d       data     static /opt/pinguino/pinguino32/source/main.asm
                    r0x0e   0x00000e       data     static /opt/pinguino/pinguino32/source/main.asm
                    r0x0f   0x00000f       data     static /opt/pinguino/pinguino32/source/main.asm
                    r0x10   0x000010       data     static /opt/pinguino/pinguino32/source/main.asm
                    r0x11   0x000011       data     static /opt/pinguino/pinguino32/source/main.asm
                    r0x12   0x000012       data     static /opt/pinguino/pinguino32/source/main.asm
                    r0x13   0x000013       data     static /opt/pinguino/pinguino32/source/main.asm
                    r0x14   0x000014       data     static /opt/pinguino/pinguino32/source/main.asm
                    r0x15   0x000015       data     static /opt/pinguino/pinguino32/source/main.asm
                    r0x16   0x000016       data     static /opt/pinguino/pinguino32/source/main.asm
                    r0x17   0x000017       data     static /opt/pinguino/pinguino32/source/main.asm
                    r0x18   0x000018       data     static /opt/pinguino/pinguino32/source/main.asm
                    r0x19   0x000019       data     static /opt/pinguino/pinguino32/source/main.asm
                    r0x1a   0x00001a       data     static /opt/pinguino/pinguino32/source/main.asm
                _pputchar   0x0002dc       data     static /opt/pinguino/pinguino32/source/main.asm
   _pprinti_print_buf_1_1   0x0002d0       data     static /opt/pinguino/pinguino32/source/main.asm
          _pprint_scr_1_1   0x0002e2       data     static /opt/pinguino/pinguino32/source/main.asm
        _psprintf_out_1_1   0x0002df       data     static /opt/pinguino/pinguino32/source/main.asm
                _wpointer   0x0002e5       data     extern /opt/pinguino/pinguino32/source/main.asm
                _rpointer   0x0002e6       data     extern /opt/pinguino/pinguino32/source/main.asm
                      _rx   0x000200       data     extern /opt/pinguino/pinguino32/source/main.asm
_serial_getstring_buffer_1_1   0x000280       data     static /opt/pinguino/pinguino32/source/main.asm
       _high_priority_isr   0x002020    program     extern /opt/pinguino/pinguino32/source/main.asm
        _low_priority_isr   0x004000    program     extern /opt/pinguino/pinguino32/source/main.asm
           _pinguino_main   0x003d24    program     extern /opt/pinguino/pinguino32/source/main.asm
               _00510_DS_   0x003d38    program     static /opt/pinguino/pinguino32/source/main.asm
                    _loop   0x003c56    program     extern /opt/pinguino/pinguino32/source/main.asm
                   _setup   0x003d58    program     extern /opt/pinguino/pinguino32/source/main.asm
            _epapout_init   0x003d8a    program     extern /opt/pinguino/pinguino32/source/main.asm
             _epapin_init   0x003d8c    program     extern /opt/pinguino/pinguino32/source/main.asm
                _epap_out   0x003d8e    program     extern /opt/pinguino/pinguino32/source/main.asm
                 _epap_in   0x003d90    program     extern /opt/pinguino/pinguino32/source/main.asm
          _serial_println   0x0039ea    program     extern /opt/pinguino/pinguino32/source/main.asm
            _serial_print   0x0027a8    program     extern /opt/pinguino/pinguino32/source/main.asm
               _00461_DS_   0x0027e2    program     static /opt/pinguino/pinguino32/source/main.asm
               _00463_DS_   0x0027ea    program     static /opt/pinguino/pinguino32/source/main.asm
               _00465_DS_   0x0027f2    program     static /opt/pinguino/pinguino32/source/main.asm
               _00469_DS_   0x002800    program     static /opt/pinguino/pinguino32/source/main.asm
               _00446_DS_   0x002802    program     static /opt/pinguino/pinguino32/source/main.asm
               _00447_DS_   0x002878    program     static /opt/pinguino/pinguino32/source/main.asm
               _00448_DS_   0x0028ee    program     static /opt/pinguino/pinguino32/source/main.asm
               _00449_DS_   0x002964    program     static /opt/pinguino/pinguino32/source/main.asm
               _00450_DS_   0x0029da    program     static /opt/pinguino/pinguino32/source/main.asm
               _00451_DS_   0x002a50    program     static /opt/pinguino/pinguino32/source/main.asm
               _00453_DS_   0x002ab8    program     static /opt/pinguino/pinguino32/source/main.asm
        _serial_getstring   0x00395c    program     extern /opt/pinguino/pinguino32/source/main.asm
               _00432_DS_   0x00396e    program     static /opt/pinguino/pinguino32/source/main.asm
           _serial_getkey   0x003d04    program     extern /opt/pinguino/pinguino32/source/main.asm
               _00424_DS_   0x003d08    program     static /opt/pinguino/pinguino32/source/main.asm
           _serial_printf   0x003b5c    program     extern /opt/pinguino/pinguino32/source/main.asm
            _serial_flush   0x003d7c    program     extern /opt/pinguino/pinguino32/source/main.asm
             _serial_read   0x003bc0    program     extern /opt/pinguino/pinguino32/source/main.asm
               _00403_DS_   0x003c02    program     static /opt/pinguino/pinguino32/source/main.asm
        _serial_interrupt   0x003af4    program     extern /opt/pinguino/pinguino32/source/main.asm
               _00391_DS_   0x003b0e    program     static /opt/pinguino/pinguino32/source/main.asm
               _00379_DS_   0x003b16    program     static /opt/pinguino/pinguino32/source/main.asm
               _00380_DS_   0x003b1a    program     static /opt/pinguino/pinguino32/source/main.asm
               _00382_DS_   0x003b40    program     static /opt/pinguino/pinguino32/source/main.asm
               _00385_DS_   0x003b4e    program     static /opt/pinguino/pinguino32/source/main.asm
          _serial_putchar   0x003ce0    program     extern /opt/pinguino/pinguino32/source/main.asm
               _00370_DS_   0x003cf2    program     static /opt/pinguino/pinguino32/source/main.asm
        _serial_available   0x003cba    program     extern /opt/pinguino/pinguino32/source/main.asm
               _00365_DS_   0x003ccc    program     static /opt/pinguino/pinguino32/source/main.asm
            _serial_begin   0x003532    program     extern /opt/pinguino/pinguino32/source/main.asm
                _psprintf   0x0036c6    program     extern /opt/pinguino/pinguino32/source/main.asm
                 _pprintf   0x00381c    program     extern /opt/pinguino/pinguino32/source/main.asm
                  _pprint   0x002070    program     static /opt/pinguino/pinguino32/source/main.asm
               _00271_DS_   0x002102    program     static /opt/pinguino/pinguino32/source/main.asm
               _00311_DS_   0x002124    program     static /opt/pinguino/pinguino32/source/main.asm
               _00313_DS_   0x002158    program     static /opt/pinguino/pinguino32/source/main.asm
               _00292_DS_   0x00216e    program     static /opt/pinguino/pinguino32/source/main.asm
               _00244_DS_   0x00217a    program     static /opt/pinguino/pinguino32/source/main.asm
               _00278_DS_   0x00219a    program     static /opt/pinguino/pinguino32/source/main.asm
               _00309_DS_   0x0021f6    program     static /opt/pinguino/pinguino32/source/main.asm
               _00322_DS_   0x002218    program     static /opt/pinguino/pinguino32/source/main.asm
               _00285_DS_   0x00226a    program     static /opt/pinguino/pinguino32/source/main.asm
               _00248_DS_   0x0022ac    program     static /opt/pinguino/pinguino32/source/main.asm
               _00324_DS_   0x0022b4    program     static /opt/pinguino/pinguino32/source/main.asm
               _00250_DS_   0x00233e    program     static /opt/pinguino/pinguino32/source/main.asm
               _00251_DS_   0x00234c    program     static /opt/pinguino/pinguino32/source/main.asm
               _00252_DS_   0x0023d4    program     static /opt/pinguino/pinguino32/source/main.asm
               _00254_DS_   0x0023e2    program     static /opt/pinguino/pinguino32/source/main.asm
               _00255_DS_   0x00246a    program     static /opt/pinguino/pinguino32/source/main.asm
               _00334_DS_   0x002472    program     static /opt/pinguino/pinguino32/source/main.asm
               _00258_DS_   0x0024fa    program     static /opt/pinguino/pinguino32/source/main.asm
               _00336_DS_   0x002502    program     static /opt/pinguino/pinguino32/source/main.asm
               _00260_DS_   0x00258a    program     static /opt/pinguino/pinguino32/source/main.asm
               _00338_DS_   0x002592    program     static /opt/pinguino/pinguino32/source/main.asm
               _00262_DS_   0x00261a    program     static /opt/pinguino/pinguino32/source/main.asm
               _00340_DS_   0x002622    program     static /opt/pinguino/pinguino32/source/main.asm
               _00264_DS_   0x00269e    program     static /opt/pinguino/pinguino32/source/main.asm
               _00267_DS_   0x0026e4    program     static /opt/pinguino/pinguino32/source/main.asm
               _00273_DS_   0x00270e    program     static /opt/pinguino/pinguino32/source/main.asm
               _00274_DS_   0x00271c    program     static /opt/pinguino/pinguino32/source/main.asm
               _00276_DS_   0x00274c    program     static /opt/pinguino/pinguino32/source/main.asm
                 _pprinti   0x002de2    program     static /opt/pinguino/pinguino32/source/main.asm
               _00200_DS_   0x002f0c    program     static /opt/pinguino/pinguino32/source/main.asm
               _00229_DS_   0x002f1c    program     static /opt/pinguino/pinguino32/source/main.asm
               _00230_DS_   0x002f1e    program     static /opt/pinguino/pinguino32/source/main.asm
               _00202_DS_   0x002f38    program     static /opt/pinguino/pinguino32/source/main.asm
               _00207_DS_   0x002f6c    program     static /opt/pinguino/pinguino32/source/main.asm
               _00232_DS_   0x002f9c    program     static /opt/pinguino/pinguino32/source/main.asm
               _00206_DS_   0x002fa2    program     static /opt/pinguino/pinguino32/source/main.asm
               _00228_DS_   0x002fe0    program     static /opt/pinguino/pinguino32/source/main.asm
               _00211_DS_   0x003024    program     static /opt/pinguino/pinguino32/source/main.asm
               _00215_DS_   0x00303e    program     static /opt/pinguino/pinguino32/source/main.asm
               _00216_DS_   0x003082    program     static /opt/pinguino/pinguino32/source/main.asm
                 _pprints   0x0030f4    program     static /opt/pinguino/pinguino32/source/main.asm
               _00189_DS_   0x003198    program     static /opt/pinguino/pinguino32/source/main.asm
               _00156_DS_   0x0031aa    program     static /opt/pinguino/pinguino32/source/main.asm
               _00159_DS_   0x0031d0    program     static /opt/pinguino/pinguino32/source/main.asm
               _00190_DS_   0x0031e2    program     static /opt/pinguino/pinguino32/source/main.asm
               _00148_DS_   0x0031ea    program     static /opt/pinguino/pinguino32/source/main.asm
               _00149_DS_   0x0031f2    program     static /opt/pinguino/pinguino32/source/main.asm
               _00153_DS_   0x0031fa    program     static /opt/pinguino/pinguino32/source/main.asm
               _00160_DS_   0x00320a    program     static /opt/pinguino/pinguino32/source/main.asm
               _00193_DS_   0x003216    program     static /opt/pinguino/pinguino32/source/main.asm
               _00186_DS_   0x003240    program     static /opt/pinguino/pinguino32/source/main.asm
               _00182_DS_   0x003250    program     static /opt/pinguino/pinguino32/source/main.asm
               _00164_DS_   0x003258    program     static /opt/pinguino/pinguino32/source/main.asm
               _00184_DS_   0x003296    program     static /opt/pinguino/pinguino32/source/main.asm
               _00168_DS_   0x0032a6    program     static /opt/pinguino/pinguino32/source/main.asm
               _00194_DS_   0x0032b2    program     static /opt/pinguino/pinguino32/source/main.asm
               _00171_DS_   0x0032dc    program     static /opt/pinguino/pinguino32/source/main.asm
              _pprintchar   0x00344e    program     static /opt/pinguino/pinguino32/source/main.asm
               _00137_DS_   0x0034e2    program     static /opt/pinguino/pinguino32/source/main.asm
               _00142_DS_   0x00350c    program     static /opt/pinguino/pinguino32/source/main.asm
               _00139_DS_   0x003510    program     static /opt/pinguino/pinguino32/source/main.asm
              _analogread   0x003a74    program     extern /opt/pinguino/pinguino32/source/main.asm
               _00130_DS_   0x003aa6    program     static /opt/pinguino/pinguino32/source/main.asm
               _00125_DS_   0x003ab8    program     static /opt/pinguino/pinguino32/source/main.asm
         _analogReference   0x003c92    program     extern /opt/pinguino/pinguino32/source/main.asm
               _00115_DS_   0x003cb0    program     static /opt/pinguino/pinguino32/source/main.asm
             _analog_init   0x003c12    program     extern /opt/pinguino/pinguino32/source/main.asm
                  __str_0   0x003c20    program     static /opt/pinguino/pinguino32/source/main.asm
                  __str_1   0x003c28    program     static /opt/pinguino/pinguino32/source/main.asm
                  __str_2   0x003c3e    program     static /opt/pinguino/pinguino32/source/main.asm
                  __str_3   0x003c42    program     static /opt/pinguino/pinguino32/source/main.asm
                  __str_4   0x003c46    program     static /opt/pinguino/pinguino32/source/main.asm
                  __str_5   0x003c4a    program     static /opt/pinguino/pinguino32/source/main.asm
                  __str_6   0x003c4e    program     static /opt/pinguino/pinguino32/source/main.asm
                  __str_7   0x003c52    program     static /opt/pinguino/pinguino32/source/main.asm
  _usb_active_alt_setting   0x00005d       data     extern boot_iface.asm
          _usb_active_cfg   0x00005e       data     extern boot_iface.asm
        _usb_device_state   0x00005f       data     extern boot_iface.asm
         _boot_goto_table   0x00001c    program     extern boot_iface.asm
            _boot_version   0x00001c    program     extern boot_iface.asm
      _dispatch_usb_event   0x00001e    program     extern boot_iface.asm
               _reset_usb   0x000022    program     extern boot_iface.asm
               _usb_sleep   0x000026    program     extern boot_iface.asm
          _fill_in_buffer   0x00002a    program     extern boot_iface.asm
                _ep0_init   0x00002e    program     extern boot_iface.asm
                  _ep0_in   0x000032    program     extern boot_iface.asm
               _ep0_setup   0x000036    program     extern boot_iface.asm
                _ep1_init   0x00003a    program     extern boot_iface.asm
                 _ep1_out   0x00003e    program     extern boot_iface.asm
                _ep2_init   0x000042    program     extern boot_iface.asm
                  _ep2_in   0x000046    program     extern boot_iface.asm
                __mullong   0x00004a    program     extern boot_iface.asm
                 __mulint   0x00004e    program     extern boot_iface.asm
               __gptrget1   0x000052    program     extern boot_iface.asm
               __gptrget2   0x000056    program     extern boot_iface.asm
               __gptrget3   0x00005a    program     extern boot_iface.asm
               __gptrget4   0x00005e    program     extern boot_iface.asm
               __gptrput1   0x000062    program     extern boot_iface.asm
               __gptrput2   0x000066    program     extern boot_iface.asm
               __gptrput3   0x00006a    program     extern boot_iface.asm
             _delay10ktcy   0x00006e    program     extern boot_iface.asm
              _delay1ktcy   0x000072    program     extern boot_iface.asm
              _delay10tcy   0x000076    program     extern boot_iface.asm
                   _stack   0x000100       data     extern /home/sdcc-builder/build/sdcc-build/orig/sdcc/device/lib/pic16/libsdcc/stack/stack.S
               _stack_end   0x0001ff       data     extern /home/sdcc-builder/build/sdcc-build/orig/sdcc/device/lib/pic16/libsdcc/stack/stack.S
                    r0x00   00000000       data     static divuint.asm
                    r0x01   0x000001       data     static divuint.asm
                    r0x02   0x000002       data     static divuint.asm
                    r0x03   0x000003       data     static divuint.asm
                    r0x04   0x000004       data     static divuint.asm
                    r0x05   0x000005       data     static divuint.asm
                    r0x06   0x000006       data     static divuint.asm
                    r0x07   0x000007       data     static divuint.asm
                __divuint   0x003772    program     extern divuint.asm
               _00109_DS_   0x0037ba    program     static divuint.asm
               _00121_DS_   0x0037e0    program     static divuint.asm
               _00110_DS_   0x0037ec    program     static divuint.asm
                    r0x00   00000000       data     static moduint.asm
                    r0x01   0x000001       data     static moduint.asm
                    r0x02   0x000002       data     static moduint.asm
                    r0x03   0x000003       data     static moduint.asm
                    r0x04   0x000004       data     static moduint.asm
                    r0x05   0x000005       data     static moduint.asm
                    r0x06   0x000006       data     static moduint.asm
                __moduint   0x00360e    program     extern moduint.asm
               _00107_DS_   0x00364e    program     static moduint.asm
               _00125_DS_   0x003668    program     static moduint.asm
               _00106_DS_   0x003672    program     static moduint.asm
               _00112_DS_   0x00367a    program     static moduint.asm
               _00126_DS_   0x003684    program     static moduint.asm
               _00111_DS_   0x00368e    program     static moduint.asm
                    r0x00   00000000       data     static divulong.asm
                    r0x01   0x000001       data     static divulong.asm
                    r0x02   0x000002       data     static divulong.asm
                    r0x03   0x000003       data     static divulong.asm
                    r0x04   0x000004       data     static divulong.asm
                    r0x05   0x000005       data     static divulong.asm
                    r0x06   0x000006       data     static divulong.asm
                    r0x07   0x000007       data     static divulong.asm
                    r0x08   0x000008       data     static divulong.asm
                    r0x09   0x000009       data     static divulong.asm
                    r0x0a   0x00000a       data     static divulong.asm
                    r0x0b   0x00000b       data     static divulong.asm
                    r0x0c   0x00000c       data     static divulong.asm
                    r0x0d   0x00000d       data     static divulong.asm
               __divulong   0x003334    program     extern divulong.asm
               _00109_DS_   0x0033b0    program     static divulong.asm
               _00121_DS_   0x0033ea    program     static divulong.asm
               _00110_DS_   0x0033fe    program     static divulong.asm
                 _SPPDATA   0x000f62       data     extern libdev18f2550_a-pic18f2550.asm
             _SPPDATAbits   0x000f62       data     extern libdev18f2550_a-pic18f2550.asm
                  _SPPCFG   0x000f63       data     extern libdev18f2550_a-pic18f2550.asm
              _SPPCFGbits   0x000f63       data     extern libdev18f2550_a-pic18f2550.asm
                  _SPPEPS   0x000f64       data     extern libdev18f2550_a-pic18f2550.asm
              _SPPEPSbits   0x000f64       data     extern libdev18f2550_a-pic18f2550.asm
                  _SPPCON   0x000f65       data     extern libdev18f2550_a-pic18f2550.asm
              _SPPCONbits   0x000f65       data     extern libdev18f2550_a-pic18f2550.asm
                   _UFRML   0x000f66       data     extern libdev18f2550_a-pic18f2550.asm
               _UFRMLbits   0x000f66       data     extern libdev18f2550_a-pic18f2550.asm
                   _UFRMH   0x000f67       data     extern libdev18f2550_a-pic18f2550.asm
               _UFRMHbits   0x000f67       data     extern libdev18f2550_a-pic18f2550.asm
                     _UIR   0x000f68       data     extern libdev18f2550_a-pic18f2550.asm
                 _UIRbits   0x000f68       data     extern libdev18f2550_a-pic18f2550.asm
                     _UIE   0x000f69       data     extern libdev18f2550_a-pic18f2550.asm
                 _UIEbits   0x000f69       data     extern libdev18f2550_a-pic18f2550.asm
                    _UEIR   0x000f6a       data     extern libdev18f2550_a-pic18f2550.asm
                _UEIRbits   0x000f6a       data     extern libdev18f2550_a-pic18f2550.asm
                    _UEIE   0x000f6b       data     extern libdev18f2550_a-pic18f2550.asm
                _UEIEbits   0x000f6b       data     extern libdev18f2550_a-pic18f2550.asm
                   _USTAT   0x000f6c       data     extern libdev18f2550_a-pic18f2550.asm
               _USTATbits   0x000f6c       data     extern libdev18f2550_a-pic18f2550.asm
                    _UCON   0x000f6d       data     extern libdev18f2550_a-pic18f2550.asm
                _UCONbits   0x000f6d       data     extern libdev18f2550_a-pic18f2550.asm
                   _UADDR   0x000f6e       data     extern libdev18f2550_a-pic18f2550.asm
               _UADDRbits   0x000f6e       data     extern libdev18f2550_a-pic18f2550.asm
                    _UCFG   0x000f6f       data     extern libdev18f2550_a-pic18f2550.asm
                _UCFGbits   0x000f6f       data     extern libdev18f2550_a-pic18f2550.asm
                    _UEP0   0x000f70       data     extern libdev18f2550_a-pic18f2550.asm
                _UEP0bits   0x000f70       data     extern libdev18f2550_a-pic18f2550.asm
                    _UEP1   0x000f71       data     extern libdev18f2550_a-pic18f2550.asm
                _UEP1bits   0x000f71       data     extern libdev18f2550_a-pic18f2550.asm
                    _UEP2   0x000f72       data     extern libdev18f2550_a-pic18f2550.asm
                _UEP2bits   0x000f72       data     extern libdev18f2550_a-pic18f2550.asm
                    _UEP3   0x000f73       data     extern libdev18f2550_a-pic18f2550.asm
                _UEP3bits   0x000f73       data     extern libdev18f2550_a-pic18f2550.asm
                    _UEP4   0x000f74       data     extern libdev18f2550_a-pic18f2550.asm
                _UEP4bits   0x000f74       data     extern libdev18f2550_a-pic18f2550.asm
                    _UEP5   0x000f75       data     extern libdev18f2550_a-pic18f2550.asm
                _UEP5bits   0x000f75       data     extern libdev18f2550_a-pic18f2550.asm
                    _UEP6   0x000f76       data     extern libdev18f2550_a-pic18f2550.asm
                _UEP6bits   0x000f76       data     extern libdev18f2550_a-pic18f2550.asm
                    _UEP7   0x000f77       data     extern libdev18f2550_a-pic18f2550.asm
                _UEP7bits   0x000f77       data     extern libdev18f2550_a-pic18f2550.asm
                    _UEP8   0x000f78       data     extern libdev18f2550_a-pic18f2550.asm
                _UEP8bits   0x000f78       data     extern libdev18f2550_a-pic18f2550.asm
                    _UEP9   0x000f79       data     extern libdev18f2550_a-pic18f2550.asm
                _UEP9bits   0x000f79       data     extern libdev18f2550_a-pic18f2550.asm
                   _UEP10   0x000f7a       data     extern libdev18f2550_a-pic18f2550.asm
               _UEP10bits   0x000f7a       data     extern libdev18f2550_a-pic18f2550.asm
                   _UEP11   0x000f7b       data     extern libdev18f2550_a-pic18f2550.asm
               _UEP11bits   0x000f7b       data     extern libdev18f2550_a-pic18f2550.asm
                   _UEP12   0x000f7c       data     extern libdev18f2550_a-pic18f2550.asm
               _UEP12bits   0x000f7c       data     extern libdev18f2550_a-pic18f2550.asm
                   _UEP13   0x000f7d       data     extern libdev18f2550_a-pic18f2550.asm
               _UEP13bits   0x000f7d       data     extern libdev18f2550_a-pic18f2550.asm
                   _UEP14   0x000f7e       data     extern libdev18f2550_a-pic18f2550.asm
               _UEP14bits   0x000f7e       data     extern libdev18f2550_a-pic18f2550.asm
                   _UEP15   0x000f7f       data     extern libdev18f2550_a-pic18f2550.asm
               _UEP15bits   0x000f7f       data     extern libdev18f2550_a-pic18f2550.asm
                   _PORTA   0x000f80       data     extern libdev18f2550_a-pic18f2550.asm
               _PORTAbits   0x000f80       data     extern libdev18f2550_a-pic18f2550.asm
                   _PORTB   0x000f81       data     extern libdev18f2550_a-pic18f2550.asm
               _PORTBbits   0x000f81       data     extern libdev18f2550_a-pic18f2550.asm
                   _PORTC   0x000f82       data     extern libdev18f2550_a-pic18f2550.asm
               _PORTCbits   0x000f82       data     extern libdev18f2550_a-pic18f2550.asm
                   _PORTD   0x000f83       data     extern libdev18f2550_a-pic18f2550.asm
               _PORTDbits   0x000f83       data     extern libdev18f2550_a-pic18f2550.asm
                   _PORTE   0x000f84       data     extern libdev18f2550_a-pic18f2550.asm
               _PORTEbits   0x000f84       data     extern libdev18f2550_a-pic18f2550.asm
                    _LATA   0x000f89       data     extern libdev18f2550_a-pic18f2550.asm
                _LATAbits   0x000f89       data     extern libdev18f2550_a-pic18f2550.asm
                    _LATB   0x000f8a       data     extern libdev18f2550_a-pic18f2550.asm
                _LATBbits   0x000f8a       data     extern libdev18f2550_a-pic18f2550.asm
                    _LATC   0x000f8b       data     extern libdev18f2550_a-pic18f2550.asm
                _LATCbits   0x000f8b       data     extern libdev18f2550_a-pic18f2550.asm
                    _LATD   0x000f8c       data     extern libdev18f2550_a-pic18f2550.asm
                _LATDbits   0x000f8c       data     extern libdev18f2550_a-pic18f2550.asm
                    _LATE   0x000f8d       data     extern libdev18f2550_a-pic18f2550.asm
                _LATEbits   0x000f8d       data     extern libdev18f2550_a-pic18f2550.asm
                   _TRISA   0x000f92       data     extern libdev18f2550_a-pic18f2550.asm
               _TRISAbits   0x000f92       data     extern libdev18f2550_a-pic18f2550.asm
                   _TRISB   0x000f93       data     extern libdev18f2550_a-pic18f2550.asm
               _TRISBbits   0x000f93       data     extern libdev18f2550_a-pic18f2550.asm
                   _TRISC   0x000f94       data     extern libdev18f2550_a-pic18f2550.asm
               _TRISCbits   0x000f94       data     extern libdev18f2550_a-pic18f2550.asm
                   _TRISD   0x000f95       data     extern libdev18f2550_a-pic18f2550.asm
               _TRISDbits   0x000f95       data     extern libdev18f2550_a-pic18f2550.asm
                   _TRISE   0x000f96       data     extern libdev18f2550_a-pic18f2550.asm
               _TRISEbits   0x000f96       data     extern libdev18f2550_a-pic18f2550.asm
                 _OSCTUNE   0x000f9b       data     extern libdev18f2550_a-pic18f2550.asm
             _OSCTUNEbits   0x000f9b       data     extern libdev18f2550_a-pic18f2550.asm
                    _PIE1   0x000f9d       data     extern libdev18f2550_a-pic18f2550.asm
                _PIE1bits   0x000f9d       data     extern libdev18f2550_a-pic18f2550.asm
                    _PIR1   0x000f9e       data     extern libdev18f2550_a-pic18f2550.asm
                _PIR1bits   0x000f9e       data     extern libdev18f2550_a-pic18f2550.asm
                    _IPR1   0x000f9f       data     extern libdev18f2550_a-pic18f2550.asm
                _IPR1bits   0x000f9f       data     extern libdev18f2550_a-pic18f2550.asm
                    _PIE2   0x000fa0       data     extern libdev18f2550_a-pic18f2550.asm
                _PIE2bits   0x000fa0       data     extern libdev18f2550_a-pic18f2550.asm
                    _PIR2   0x000fa1       data     extern libdev18f2550_a-pic18f2550.asm
                _PIR2bits   0x000fa1       data     extern libdev18f2550_a-pic18f2550.asm
                    _IPR2   0x000fa2       data     extern libdev18f2550_a-pic18f2550.asm
                _IPR2bits   0x000fa2       data     extern libdev18f2550_a-pic18f2550.asm
                  _EECON1   0x000fa6       data     extern libdev18f2550_a-pic18f2550.asm
              _EECON1bits   0x000fa6       data     extern libdev18f2550_a-pic18f2550.asm
                  _EECON2   0x000fa7       data     extern libdev18f2550_a-pic18f2550.asm
                  _EEDATA   0x000fa8       data     extern libdev18f2550_a-pic18f2550.asm
                   _EEADR   0x000fa9       data     extern libdev18f2550_a-pic18f2550.asm
                   _RCSTA   0x000fab       data     extern libdev18f2550_a-pic18f2550.asm
               _RCSTAbits   0x000fab       data     extern libdev18f2550_a-pic18f2550.asm
                   _TXSTA   0x000fac       data     extern libdev18f2550_a-pic18f2550.asm
               _TXSTAbits   0x000fac       data     extern libdev18f2550_a-pic18f2550.asm
                   _TXREG   0x000fad       data     extern libdev18f2550_a-pic18f2550.asm
                   _RCREG   0x000fae       data     extern libdev18f2550_a-pic18f2550.asm
                   _SPBRG   0x000faf       data     extern libdev18f2550_a-pic18f2550.asm
                  _SPBRGH   0x000fb0       data     extern libdev18f2550_a-pic18f2550.asm
                   _T3CON   0x000fb1       data     extern libdev18f2550_a-pic18f2550.asm
               _T3CONbits   0x000fb1       data     extern libdev18f2550_a-pic18f2550.asm
                   _TMR3L   0x000fb2       data     extern libdev18f2550_a-pic18f2550.asm
                   _TMR3H   0x000fb3       data     extern libdev18f2550_a-pic18f2550.asm
                   _CMCON   0x000fb4       data     extern libdev18f2550_a-pic18f2550.asm
               _CMCONbits   0x000fb4       data     extern libdev18f2550_a-pic18f2550.asm
                  _CVRCON   0x000fb5       data     extern libdev18f2550_a-pic18f2550.asm
              _CVRCONbits   0x000fb5       data     extern libdev18f2550_a-pic18f2550.asm
                 _ECCP1AS   0x000fb6       data     extern libdev18f2550_a-pic18f2550.asm
             _ECCP1ASbits   0x000fb6       data     extern libdev18f2550_a-pic18f2550.asm
                _ECCP1DEL   0x000fb7       data     extern libdev18f2550_a-pic18f2550.asm
            _ECCP1DELbits   0x000fb7       data     extern libdev18f2550_a-pic18f2550.asm
                 _BAUDCON   0x000fb8       data     extern libdev18f2550_a-pic18f2550.asm
             _BAUDCONbits   0x000fb8       data     extern libdev18f2550_a-pic18f2550.asm
                 _CCP2CON   0x000fba       data     extern libdev18f2550_a-pic18f2550.asm
             _CCP2CONbits   0x000fba       data     extern libdev18f2550_a-pic18f2550.asm
                  _CCPR2L   0x000fbb       data     extern libdev18f2550_a-pic18f2550.asm
                  _CCPR2H   0x000fbc       data     extern libdev18f2550_a-pic18f2550.asm
                 _CCP1CON   0x000fbd       data     extern libdev18f2550_a-pic18f2550.asm
             _CCP1CONbits   0x000fbd       data     extern libdev18f2550_a-pic18f2550.asm
                  _CCPR1L   0x000fbe       data     extern libdev18f2550_a-pic18f2550.asm
                  _CCPR1H   0x000fbf       data     extern libdev18f2550_a-pic18f2550.asm
                  _ADCON2   0x000fc0       data     extern libdev18f2550_a-pic18f2550.asm
              _ADCON2bits   0x000fc0       data     extern libdev18f2550_a-pic18f2550.asm
                  _ADCON1   0x000fc1       data     extern libdev18f2550_a-pic18f2550.asm
              _ADCON1bits   0x000fc1       data     extern libdev18f2550_a-pic18f2550.asm
                  _ADCON0   0x000fc2       data     extern libdev18f2550_a-pic18f2550.asm
              _ADCON0bits   0x000fc2       data     extern libdev18f2550_a-pic18f2550.asm
                  _ADRESL   0x000fc3       data     extern libdev18f2550_a-pic18f2550.asm
                  _ADRESH   0x000fc4       data     extern libdev18f2550_a-pic18f2550.asm
                 _SSPCON2   0x000fc5       data     extern libdev18f2550_a-pic18f2550.asm
             _SSPCON2bits   0x000fc5       data     extern libdev18f2550_a-pic18f2550.asm
                 _SSPCON1   0x000fc6       data     extern libdev18f2550_a-pic18f2550.asm
             _SSPCON1bits   0x000fc6       data     extern libdev18f2550_a-pic18f2550.asm
                 _SSPSTAT   0x000fc7       data     extern libdev18f2550_a-pic18f2550.asm
             _SSPSTATbits   0x000fc7       data     extern libdev18f2550_a-pic18f2550.asm
                  _SSPADD   0x000fc8       data     extern libdev18f2550_a-pic18f2550.asm
                  _SSPBUF   0x000fc9       data     extern libdev18f2550_a-pic18f2550.asm
                   _T2CON   0x000fca       data     extern libdev18f2550_a-pic18f2550.asm
               _T2CONbits   0x000fca       data     extern libdev18f2550_a-pic18f2550.asm
                     _PR2   0x000fcb       data     extern libdev18f2550_a-pic18f2550.asm
                    _TMR2   0x000fcc       data     extern libdev18f2550_a-pic18f2550.asm
                   _T1CON   0x000fcd       data     extern libdev18f2550_a-pic18f2550.asm
               _T1CONbits   0x000fcd       data     extern libdev18f2550_a-pic18f2550.asm
                   _TMR1L   0x000fce       data     extern libdev18f2550_a-pic18f2550.asm
                   _TMR1H   0x000fcf       data     extern libdev18f2550_a-pic18f2550.asm
                    _RCON   0x000fd0       data     extern libdev18f2550_a-pic18f2550.asm
                _RCONbits   0x000fd0       data     extern libdev18f2550_a-pic18f2550.asm
                  _WDTCON   0x000fd1       data     extern libdev18f2550_a-pic18f2550.asm
              _WDTCONbits   0x000fd1       data     extern libdev18f2550_a-pic18f2550.asm
                 _HLVDCON   0x000fd2       data     extern libdev18f2550_a-pic18f2550.asm
             _HLVDCONbits   0x000fd2       data     extern libdev18f2550_a-pic18f2550.asm
                  _OSCCON   0x000fd3       data     extern libdev18f2550_a-pic18f2550.asm
              _OSCCONbits   0x000fd3       data     extern libdev18f2550_a-pic18f2550.asm
                   _T0CON   0x000fd5       data     extern libdev18f2550_a-pic18f2550.asm
               _T0CONbits   0x000fd5       data     extern libdev18f2550_a-pic18f2550.asm
                   _TMR0L   0x000fd6       data     extern libdev18f2550_a-pic18f2550.asm
                   _TMR0H   0x000fd7       data     extern libdev18f2550_a-pic18f2550.asm
                  _STATUS   0x000fd8       data     extern libdev18f2550_a-pic18f2550.asm
              _STATUSbits   0x000fd8       data     extern libdev18f2550_a-pic18f2550.asm
                   _FSR2L   0x000fd9       data     extern libdev18f2550_a-pic18f2550.asm
                   _FSR2H   0x000fda       data     extern libdev18f2550_a-pic18f2550.asm
               _FSR2Hbits   0x000fda       data     extern libdev18f2550_a-pic18f2550.asm
                  _PLUSW2   0x000fdb       data     extern libdev18f2550_a-pic18f2550.asm
                 _PREINC2   0x000fdc       data     extern libdev18f2550_a-pic18f2550.asm
                _POSTDEC2   0x000fdd       data     extern libdev18f2550_a-pic18f2550.asm
                _POSTINC2   0x000fde       data     extern libdev18f2550_a-pic18f2550.asm
                   _INDF2   0x000fdf       data     extern libdev18f2550_a-pic18f2550.asm
                     _BSR   0x000fe0       data     extern libdev18f2550_a-pic18f2550.asm
                 _BSRbits   0x000fe0       data     extern libdev18f2550_a-pic18f2550.asm
                   _FSR1L   0x000fe1       data     extern libdev18f2550_a-pic18f2550.asm
                   _FSR1H   0x000fe2       data     extern libdev18f2550_a-pic18f2550.asm
               _FSR1Hbits   0x000fe2       data     extern libdev18f2550_a-pic18f2550.asm
                  _PLUSW1   0x000fe3       data     extern libdev18f2550_a-pic18f2550.asm
                 _PREINC1   0x000fe4       data     extern libdev18f2550_a-pic18f2550.asm
                _POSTDEC1   0x000fe5       data     extern libdev18f2550_a-pic18f2550.asm
                _POSTINC1   0x000fe6       data     extern libdev18f2550_a-pic18f2550.asm
                   _INDF1   0x000fe7       data     extern libdev18f2550_a-pic18f2550.asm
                    _WREG   0x000fe8       data     extern libdev18f2550_a-pic18f2550.asm
                   _FSR0L   0x000fe9       data     extern libdev18f2550_a-pic18f2550.asm
                   _FSR0H   0x000fea       data     extern libdev18f2550_a-pic18f2550.asm
               _FSR0Hbits   0x000fea       data     extern libdev18f2550_a-pic18f2550.asm
                  _PLUSW0   0x000feb       data     extern libdev18f2550_a-pic18f2550.asm
                 _PREINC0   0x000fec       data     extern libdev18f2550_a-pic18f2550.asm
                _POSTDEC0   0x000fed       data     extern libdev18f2550_a-pic18f2550.asm
                _POSTINC0   0x000fee       data     extern libdev18f2550_a-pic18f2550.asm
                   _INDF0   0x000fef       data     extern libdev18f2550_a-pic18f2550.asm
                 _INTCON3   0x000ff0       data     extern libdev18f2550_a-pic18f2550.asm
             _INTCON3bits   0x000ff0       data     extern libdev18f2550_a-pic18f2550.asm
                 _INTCON2   0x000ff1       data     extern libdev18f2550_a-pic18f2550.asm
             _INTCON2bits   0x000ff1       data     extern libdev18f2550_a-pic18f2550.asm
                  _INTCON   0x000ff2       data     extern libdev18f2550_a-pic18f2550.asm
              _INTCONbits   0x000ff2       data     extern libdev18f2550_a-pic18f2550.asm
                   _PRODL   0x000ff3       data     extern libdev18f2550_a-pic18f2550.asm
                   _PRODH   0x000ff4       data     extern libdev18f2550_a-pic18f2550.asm
                  _TABLAT   0x000ff5       data     extern libdev18f2550_a-pic18f2550.asm
                 _TBLPTRL   0x000ff6       data     extern libdev18f2550_a-pic18f2550.asm
                 _TBLPTRH   0x000ff7       data     extern libdev18f2550_a-pic18f2550.asm
                 _TBLPTRU   0x000ff8       data     extern libdev18f2550_a-pic18f2550.asm
             _TBLPTRUbits   0x000ff8       data     extern libdev18f2550_a-pic18f2550.asm
                     _PCL   0x000ff9       data     extern libdev18f2550_a-pic18f2550.asm
                  _PCLATH   0x000ffa       data     extern libdev18f2550_a-pic18f2550.asm
              _PCLATHbits   0x000ffa       data     extern libdev18f2550_a-pic18f2550.asm
                  _PCLATU   0x000ffb       data     extern libdev18f2550_a-pic18f2550.asm
              _PCLATUbits   0x000ffb       data     extern libdev18f2550_a-pic18f2550.asm
                  _STKPTR   0x000ffc       data     extern libdev18f2550_a-pic18f2550.asm
              _STKPTRbits   0x000ffc       data     extern libdev18f2550_a-pic18f2550.asm
                    _TOSL   0x000ffd       data     extern libdev18f2550_a-pic18f2550.asm
                    _TOSH   0x000ffe       data     extern libdev18f2550_a-pic18f2550.asm
                    _TOSU   0x000fff       data     extern libdev18f2550_a-pic18f2550.asm
                _TOSUbits   0x000fff       data     extern libdev18f2550_a-pic18f2550.asm
                   _cinit   0x003d6e    program     extern  
 
