gplink-0.13.7 beta
Map File - Created 4-6-2012  11:23:32
 
                                 Section Info
                  Section       Type    Address   Location Size(Bytes)
                ---------  ---------  ---------  ---------  ---------
S_boot_iface__boot_goto_table       code   0x00001c    program   0x00005e
S_application_iface__application_data       code   0x002000    program   0x00001a
S_crt0ipinguino__application_main       code   0x00201a    program   0x000004
S_usb_descriptors__null_function       code   0x00201e    program   0x000002
S_main__high_priority_isr       code   0x002020    program   0x00004e
 S_main__SortServoTimings       code   0x00206e    program   0x000462
         S_fsadd____fsadd       code   0x0024d0    program   0x0003f4
         S_fsmul____fsmul       code   0x0028c4    program   0x0003c8
         S_fsdiv____fsdiv       code   0x002c8c    program   0x000390
                    .code       code   0x00301c    program   0x00032e
       S_main__ServoWrite       code   0x00334a    program   0x000216
   S_ulong2fs____ulong2fs       code   0x003560    program   0x00017c
           S_fsgt____fsgt       code   0x0036dc    program   0x000120
      S_divsint___divsint       code   0x0037fc    program   0x0000f6
   S_fs2ulong____fs2ulong       code   0x0038f2    program   0x0000f0
      S_main__ServoAttach       code   0x0039e2    program   0x0000e0
      S_main__ServoDetach       code   0x003ac2    program   0x0000d4
  S_main__ServosPulseDown       code   0x003b96    program   0x0000ce
      S_divuint___divuint       code   0x003c64    program   0x0000aa
          S_main__Delayms       code   0x003d0e    program   0x00009c
S_crt0ipinguino___do_cinit       code   0x003daa    program   0x000098
S_main__ServoMaximumPulse       code   0x003e42    program   0x000092
S_main__ServoMinimumPulse       code   0x003ed4    program   0x000092
   S_fs2uchar____fs2uchar       code   0x003f66    program   0x00008a
    S_main__ServosPulseUp       code   0x003ff0    program   0x00000e
     S_main__epapout_init       code   0x003ffe    program   0x000002
 S_main__low_priority_isr       code   0x004000    program   0x00004a
   S_uchar2fs____uchar2fs       code   0x00404a    program   0x000062
          S_main__Delayus       code   0x0040ac    program   0x000052
      S_main__servos_init       code   0x0040fe    program   0x00004a
 S_main__servos_interrupt       code   0x004148    program   0x000046
        S_main__ServoRead       code   0x00418e    program   0x000046
             S_main__loop       code   0x0041d4    program   0x000034
            S_main__setup       code   0x004208    program   0x000034
    S_main__pinguino_main       code   0x00423c    program   0x00001c
S_crt0ipinguino___startup       code   0x004258    program   0x000018
                   .cinit       code   0x004270    program   0x00000e
                 .idata_i       code   0x00427e    program   0x000008
      S_main__epapin_init       code   0x004286    program   0x000002
         S_main__epap_out       code   0x004288    program   0x000002
          S_main__epap_in       code   0x00428a    program   0x000002
                   .idata      idata   0x00027e       data   0x000008
               .registers      udata   00000000       data   0x00000c
      ustat_boot_iface_00      udata   0x00005d       data   0x000003
            stack_section      udata   0x000100       data   0x000100
             udata_main_3      udata   0x000200       data   0x000048
             udata_main_5      udata   0x000248       data   0x000024
             udata_main_1      udata   0x00026c       data   0x000012
             udata_fsgt_0      udata   0x000286       data   0x000004
             udata_fsgt_1      udata   0x00028a       data   0x000004
            udata_fsadd_0      udata   0x00028e       data   0x000004
            udata_fsadd_1      udata   0x000292       data   0x000004
            udata_fsadd_2      udata   0x000296       data   0x000004
            udata_fsadd_5      udata   0x00029a       data   0x000004
            udata_fsadd_6      udata   0x00029e       data   0x000004
            udata_fsmul_0      udata   0x0002a2       data   0x000004
            udata_fsmul_1      udata   0x0002a6       data   0x000004
            udata_fsmul_3      udata   0x0002aa       data   0x000004
            udata_fsdiv_1      udata   0x0002ae       data   0x000004
            udata_fsdiv_2      udata   0x0002b2       data   0x000004
            udata_fsdiv_3      udata   0x0002b6       data   0x000004
            udata_fsdiv_4      udata   0x0002ba       data   0x000004
            udata_fsdiv_5      udata   0x0002be       data   0x000004
            udata_fsdiv_6      udata   0x0002c2       data   0x000004
         udata_fs2ulong_0      udata   0x0002c6       data   0x000004
         udata_ulong2fs_0      udata   0x0002ca       data   0x000004
             udata_main_4      udata   0x0002ce       data   0x000003
            udata_fsadd_3      udata   0x0002d1       data   0x000002
            udata_fsadd_4      udata   0x0002d3       data   0x000002
            udata_fsmul_2      udata   0x0002d5       data   0x000002
            udata_fsdiv_0      udata   0x0002d7       data   0x000002
             udata_main_0      udata   0x0002d9       data   0x000001
             udata_main_2      udata   0x0002da       data   0x000001
      ustat_pic18f2550_00      udata   0x000f62       data   0x000023
      ustat_pic18f2550_01      udata   0x000f89       data   0x000005
      ustat_pic18f2550_02      udata   0x000f92       data   0x000005
      ustat_pic18f2550_03      udata   0x000f9b       data   0x000001
      ustat_pic18f2550_04      udata   0x000f9d       data   0x000006
      ustat_pic18f2550_05      udata   0x000fa6       data   0x000004
      ustat_pic18f2550_06      udata   0x000fab       data   0x00000e
      ustat_pic18f2550_07      udata   0x000fba       data   0x00001a
      ustat_pic18f2550_08      udata   0x000fd5       data   0x00002b
 
                              Program Memory Usage
                               Start         End
                           ---------   ---------
                            0x002000    0x002019
                            0x00201e    0x00201f
                            0x00301c    0x003349
                            0x00427e    0x004285
                            0x003daa    0x003e41
                            0x004258    0x00426f
                            0x00201a    0x00201d
                            0x002020    0x00206d
                            0x004000    0x004049
                            0x00423c    0x004257
                            0x0041d4    0x004207
                            0x004208    0x00423b
                            0x003ffe    0x003fff
                            0x004286    0x004287
                            0x004288    0x004289
                            0x00428a    0x00428b
                            0x004148    0x00418d
                            0x003e42    0x003ed3
                            0x003ed4    0x003f65
                            0x00418e    0x0041d3
                            0x00334a    0x00355f
                            0x003ac2    0x003b95
                            0x0039e2    0x003ac1
                            0x00206e    0x0024cf
                            0x003ff0    0x003ffd
                            0x003b96    0x003c63
                            0x0040fe    0x004147
                            0x0040ac    0x0040fd
                            0x003d0e    0x003da9
                            0x00001c    0x000079
                            0x003f66    0x003fef
                            0x0036dc    0x0037fb
                            0x0024d0    0x0028c3
                            0x0028c4    0x002c8b
                            0x00404a    0x0040ab
                            0x0037fc    0x0038f1
                            0x002c8c    0x00301b
                            0x0038f2    0x0039e1
                            0x003560    0x0036db
                            0x003c64    0x003d0d
                            0x004270    0x00427d
 
                            4469 program addresses used
 
                              Symbols
                     Name    Address   Location    Storage File
                ---------  ---------  ---------  --------- ---------
        _application_data   0x002000    program     extern application_iface.asm
           _null_function   0x00201e    program     extern usb_descriptors.asm
       _device_descriptor   0x00301c    program     extern usb_descriptors.asm
             _default_cfg   0x00302e    program     extern usb_descriptors.asm
               _flash_cfg   0x003040    program     extern usb_descriptors.asm
         _application_cfg   0x003060    program     extern usb_descriptors.asm
_configuration_descriptor   0x003080    program     extern usb_descriptors.asm
                    _str0   0x00308a    program     extern usb_descriptors.asm
                    _str1   0x00308e    program     extern usb_descriptors.asm
                    _str2   0x0030b4    program     extern usb_descriptors.asm
                    _str3   0x0030d6    program     extern usb_descriptors.asm
                    _str4   0x0030da    program     extern usb_descriptors.asm
                    _str5   0x0030ea    program     extern usb_descriptors.asm
                    _str6   0x0030f6    program     extern usb_descriptors.asm
       _string_descriptor   0x003112    program     extern usb_descriptors.asm
            _ep_init_cfg0   0x003128    program     static usb_descriptors.asm
            _ep_init_cfg1   0x003158    program     static usb_descriptors.asm
            _ep_init_cfg2   0x003188    program     static usb_descriptors.asm
                 _ep_init   0x0031b8    program     extern usb_descriptors.asm
              _ep_in_cfg0   0x0031c4    program     static usb_descriptors.asm
              _ep_in_cfg1   0x0031f4    program     static usb_descriptors.asm
              _ep_in_cfg2   0x003224    program     static usb_descriptors.asm
                   _ep_in   0x003254    program     extern usb_descriptors.asm
             _ep_out_cfg0   0x003260    program     static usb_descriptors.asm
             _ep_out_cfg1   0x003290    program     static usb_descriptors.asm
             _ep_out_cfg2   0x0032c0    program     static usb_descriptors.asm
                  _ep_out   0x0032f0    program     extern usb_descriptors.asm
           _ep_setup_cfg0   0x0032fc    program     static usb_descriptors.asm
                _ep_setup   0x00332c    program     extern usb_descriptors.asm
                ___uflags   0x00027e       data     extern obj/Debug/crt0ipinguino.asm
               __do_cinit   0x003daa    program     extern obj/Debug/crt0ipinguino.asm
                     test   0x003dc4    program     static obj/Debug/crt0ipinguino.asm
                    cont1   0x003dca    program     static obj/Debug/crt0ipinguino.asm
                copy_loop   0x003e18    program     static obj/Debug/crt0ipinguino.asm
            copy_one_byte   0x003e1e    program     static obj/Debug/crt0ipinguino.asm
             done_copying   0x003e2c    program     static obj/Debug/crt0ipinguino.asm
                     done   0x003e40    program     static obj/Debug/crt0ipinguino.asm
                __startup   0x004258    program     extern obj/Debug/crt0ipinguino.asm
                   lockup   0x00426e    program     static obj/Debug/crt0ipinguino.asm
        _application_main   0x00201a    program     extern obj/Debug/crt0ipinguino.asm
                   _phase   0x00027f       data     extern /home/jesuscarlos/Programming_box/Pinguino/Pinguino32X_20120405/svn/trunk/source/main.asm
          _needreordering   0x000280       data     extern /home/jesuscarlos/Programming_box/Pinguino/Pinguino32X_20120405/svn/trunk/source/main.asm
            _timedivision   0x000281       data     extern /home/jesuscarlos/Programming_box/Pinguino/Pinguino32X_20120405/svn/trunk/source/main.asm
         _activatedservos   0x000282       data     extern /home/jesuscarlos/Programming_box/Pinguino/Pinguino32X_20120405/svn/trunk/source/main.asm
                _position   0x000285       data     extern /home/jesuscarlos/Programming_box/Pinguino/Pinguino32X_20120405/svn/trunk/source/main.asm
                    r0x00   00000000       data     static /home/jesuscarlos/Programming_box/Pinguino/Pinguino32X_20120405/svn/trunk/source/main.asm
                    r0x01   0x000001       data     static /home/jesuscarlos/Programming_box/Pinguino/Pinguino32X_20120405/svn/trunk/source/main.asm
                    r0x02   0x000002       data     static /home/jesuscarlos/Programming_box/Pinguino/Pinguino32X_20120405/svn/trunk/source/main.asm
                    r0x03   0x000003       data     static /home/jesuscarlos/Programming_box/Pinguino/Pinguino32X_20120405/svn/trunk/source/main.asm
                    r0x04   0x000004       data     static /home/jesuscarlos/Programming_box/Pinguino/Pinguino32X_20120405/svn/trunk/source/main.asm
                    r0x05   0x000005       data     static /home/jesuscarlos/Programming_box/Pinguino/Pinguino32X_20120405/svn/trunk/source/main.asm
                    r0x06   0x000006       data     static /home/jesuscarlos/Programming_box/Pinguino/Pinguino32X_20120405/svn/trunk/source/main.asm
                    r0x07   0x000007       data     static /home/jesuscarlos/Programming_box/Pinguino/Pinguino32X_20120405/svn/trunk/source/main.asm
                    r0x08   0x000008       data     static /home/jesuscarlos/Programming_box/Pinguino/Pinguino32X_20120405/svn/trunk/source/main.asm
                    r0x09   0x000009       data     static /home/jesuscarlos/Programming_box/Pinguino/Pinguino32X_20120405/svn/trunk/source/main.asm
                 _loopvar   0x0002d9       data     extern /home/jesuscarlos/Programming_box/Pinguino/Pinguino32X_20120405/svn/trunk/source/main.asm
             _servovalues   0x00026c       data     extern /home/jesuscarlos/Programming_box/Pinguino/Pinguino32X_20120405/svn/trunk/source/main.asm
             _timingindex   0x0002da       data     extern /home/jesuscarlos/Programming_box/Pinguino/Pinguino32X_20120405/svn/trunk/source/main.asm
                 _timings   0x000200       data     extern /home/jesuscarlos/Programming_box/Pinguino/Pinguino32X_20120405/svn/trunk/source/main.asm
_SortServoTimings_mascaratotal_1_1   0x0002ce       data     static /home/jesuscarlos/Programming_box/Pinguino/Pinguino32X_20120405/svn/trunk/source/main.asm
               _maxminpos   0x000248       data     extern /home/jesuscarlos/Programming_box/Pinguino/Pinguino32X_20120405/svn/trunk/source/main.asm
       _high_priority_isr   0x002020    program     extern /home/jesuscarlos/Programming_box/Pinguino/Pinguino32X_20120405/svn/trunk/source/main.asm
        _low_priority_isr   0x004000    program     extern /home/jesuscarlos/Programming_box/Pinguino/Pinguino32X_20120405/svn/trunk/source/main.asm
           _pinguino_main   0x00423c    program     extern /home/jesuscarlos/Programming_box/Pinguino/Pinguino32X_20120405/svn/trunk/source/main.asm
               _00406_DS_   0x004250    program     static /home/jesuscarlos/Programming_box/Pinguino/Pinguino32X_20120405/svn/trunk/source/main.asm
                    _loop   0x0041d4    program     extern /home/jesuscarlos/Programming_box/Pinguino/Pinguino32X_20120405/svn/trunk/source/main.asm
               _10418_DS_   0x004206    program     static /home/jesuscarlos/Programming_box/Pinguino/Pinguino32X_20120405/svn/trunk/source/main.asm
                   _setup   0x004208    program     extern /home/jesuscarlos/Programming_box/Pinguino/Pinguino32X_20120405/svn/trunk/source/main.asm
            _epapout_init   0x003ffe    program     extern /home/jesuscarlos/Programming_box/Pinguino/Pinguino32X_20120405/svn/trunk/source/main.asm
             _epapin_init   0x004286    program     extern /home/jesuscarlos/Programming_box/Pinguino/Pinguino32X_20120405/svn/trunk/source/main.asm
                _epap_out   0x004288    program     extern /home/jesuscarlos/Programming_box/Pinguino/Pinguino32X_20120405/svn/trunk/source/main.asm
                 _epap_in   0x00428a    program     extern /home/jesuscarlos/Programming_box/Pinguino/Pinguino32X_20120405/svn/trunk/source/main.asm
        _servos_interrupt   0x004148    program     extern /home/jesuscarlos/Programming_box/Pinguino/Pinguino32X_20120405/svn/trunk/source/main.asm
               _00361_DS_   0x00416c    program     static /home/jesuscarlos/Programming_box/Pinguino/Pinguino32X_20120405/svn/trunk/source/main.asm
               _00365_DS_   0x00418c    program     static /home/jesuscarlos/Programming_box/Pinguino/Pinguino32X_20120405/svn/trunk/source/main.asm
       _ServoMaximumPulse   0x003e42    program     extern /home/jesuscarlos/Programming_box/Pinguino/Pinguino32X_20120405/svn/trunk/source/main.asm
               _00352_DS_   0x003e7a    program     static /home/jesuscarlos/Programming_box/Pinguino/Pinguino32X_20120405/svn/trunk/source/main.asm
               _00353_DS_   0x003e88    program     static /home/jesuscarlos/Programming_box/Pinguino/Pinguino32X_20120405/svn/trunk/source/main.asm
               _00344_DS_   0x003e8a    program     static /home/jesuscarlos/Programming_box/Pinguino/Pinguino32X_20120405/svn/trunk/source/main.asm
               _00345_DS_   0x003e8c    program     static /home/jesuscarlos/Programming_box/Pinguino/Pinguino32X_20120405/svn/trunk/source/main.asm
               _00347_DS_   0x003ec2    program     static /home/jesuscarlos/Programming_box/Pinguino/Pinguino32X_20120405/svn/trunk/source/main.asm
       _ServoMinimumPulse   0x003ed4    program     extern /home/jesuscarlos/Programming_box/Pinguino/Pinguino32X_20120405/svn/trunk/source/main.asm
               _00336_DS_   0x003f0c    program     static /home/jesuscarlos/Programming_box/Pinguino/Pinguino32X_20120405/svn/trunk/source/main.asm
               _00337_DS_   0x003f1a    program     static /home/jesuscarlos/Programming_box/Pinguino/Pinguino32X_20120405/svn/trunk/source/main.asm
               _00328_DS_   0x003f1c    program     static /home/jesuscarlos/Programming_box/Pinguino/Pinguino32X_20120405/svn/trunk/source/main.asm
               _00329_DS_   0x003f1e    program     static /home/jesuscarlos/Programming_box/Pinguino/Pinguino32X_20120405/svn/trunk/source/main.asm
               _00331_DS_   0x003f54    program     static /home/jesuscarlos/Programming_box/Pinguino/Pinguino32X_20120405/svn/trunk/source/main.asm
               _ServoRead   0x00418e    program     extern /home/jesuscarlos/Programming_box/Pinguino/Pinguino32X_20120405/svn/trunk/source/main.asm
               _00317_DS_   0x0041ae    program     static /home/jesuscarlos/Programming_box/Pinguino/Pinguino32X_20120405/svn/trunk/source/main.asm
               _00318_DS_   0x0041c6    program     static /home/jesuscarlos/Programming_box/Pinguino/Pinguino32X_20120405/svn/trunk/source/main.asm
              _ServoWrite   0x00334a    program     extern /home/jesuscarlos/Programming_box/Pinguino/Pinguino32X_20120405/svn/trunk/source/main.asm
               _00302_DS_   0x003398    program     static /home/jesuscarlos/Programming_box/Pinguino/Pinguino32X_20120405/svn/trunk/source/main.asm
               _00305_DS_   0x00349c    program     static /home/jesuscarlos/Programming_box/Pinguino/Pinguino32X_20120405/svn/trunk/source/main.asm
               _00306_DS_   0x0034ae    program     static /home/jesuscarlos/Programming_box/Pinguino/Pinguino32X_20120405/svn/trunk/source/main.asm
               _00303_DS_   0x003532    program     static /home/jesuscarlos/Programming_box/Pinguino/Pinguino32X_20120405/svn/trunk/source/main.asm
             _ServoDetach   0x003ac2    program     extern /home/jesuscarlos/Programming_box/Pinguino/Pinguino32X_20120405/svn/trunk/source/main.asm
               _00284_DS_   0x003b1e    program     static /home/jesuscarlos/Programming_box/Pinguino/Pinguino32X_20120405/svn/trunk/source/main.asm
               _00281_DS_   0x003b54    program     static /home/jesuscarlos/Programming_box/Pinguino/Pinguino32X_20120405/svn/trunk/source/main.asm
               _00286_DS_   0x003b80    program     static /home/jesuscarlos/Programming_box/Pinguino/Pinguino32X_20120405/svn/trunk/source/main.asm
             _ServoAttach   0x0039e2    program     extern /home/jesuscarlos/Programming_box/Pinguino/Pinguino32X_20120405/svn/trunk/source/main.asm
               _00262_DS_   0x003a42    program     static /home/jesuscarlos/Programming_box/Pinguino/Pinguino32X_20120405/svn/trunk/source/main.asm
               _00259_DS_   0x003a7c    program     static /home/jesuscarlos/Programming_box/Pinguino/Pinguino32X_20120405/svn/trunk/source/main.asm
               _00264_DS_   0x003aac    program     static /home/jesuscarlos/Programming_box/Pinguino/Pinguino32X_20120405/svn/trunk/source/main.asm
        _SortServoTimings   0x00206e    program     static /home/jesuscarlos/Programming_box/Pinguino/Pinguino32X_20120405/svn/trunk/source/main.asm
               _00203_DS_   0x0020a0    program     static /home/jesuscarlos/Programming_box/Pinguino/Pinguino32X_20120405/svn/trunk/source/main.asm
               _00206_DS_   0x002102    program     static /home/jesuscarlos/Programming_box/Pinguino/Pinguino32X_20120405/svn/trunk/source/main.asm
               _00200_DS_   0x002106    program     static /home/jesuscarlos/Programming_box/Pinguino/Pinguino32X_20120405/svn/trunk/source/main.asm
               _00207_DS_   0x002114    program     static /home/jesuscarlos/Programming_box/Pinguino/Pinguino32X_20120405/svn/trunk/source/main.asm
               _00173_DS_   0x0021e8    program     static /home/jesuscarlos/Programming_box/Pinguino/Pinguino32X_20120405/svn/trunk/source/main.asm
               _00240_DS_   0x0021fc    program     static /home/jesuscarlos/Programming_box/Pinguino/Pinguino32X_20120405/svn/trunk/source/main.asm
               _00198_DS_   0x002228    program     static /home/jesuscarlos/Programming_box/Pinguino/Pinguino32X_20120405/svn/trunk/source/main.asm
               _00181_DS_   0x0022f4    program     static /home/jesuscarlos/Programming_box/Pinguino/Pinguino32X_20120405/svn/trunk/source/main.asm
               _00246_DS_   0x002308    program     static /home/jesuscarlos/Programming_box/Pinguino/Pinguino32X_20120405/svn/trunk/source/main.asm
               _00195_DS_   0x002334    program     static /home/jesuscarlos/Programming_box/Pinguino/Pinguino32X_20120405/svn/trunk/source/main.asm
               _00189_DS_   0x0023f8    program     static /home/jesuscarlos/Programming_box/Pinguino/Pinguino32X_20120405/svn/trunk/source/main.asm
               _00209_DS_   0x002434    program     static /home/jesuscarlos/Programming_box/Pinguino/Pinguino32X_20120405/svn/trunk/source/main.asm
               _00210_DS_   0x002438    program     static /home/jesuscarlos/Programming_box/Pinguino/Pinguino32X_20120405/svn/trunk/source/main.asm
               _00202_DS_   0x0024a2    program     static /home/jesuscarlos/Programming_box/Pinguino/Pinguino32X_20120405/svn/trunk/source/main.asm
           _ServosPulseUp   0x003ff0    program     static /home/jesuscarlos/Programming_box/Pinguino/Pinguino32X_20120405/svn/trunk/source/main.asm
         _ServosPulseDown   0x003b96    program     static /home/jesuscarlos/Programming_box/Pinguino/Pinguino32X_20120405/svn/trunk/source/main.asm
               _00149_DS_   0x003bae    program     static /home/jesuscarlos/Programming_box/Pinguino/Pinguino32X_20120405/svn/trunk/source/main.asm
               _00148_DS_   0x003c36    program     static /home/jesuscarlos/Programming_box/Pinguino/Pinguino32X_20120405/svn/trunk/source/main.asm
                    bucle   0x003c3a    program     static /home/jesuscarlos/Programming_box/Pinguino/Pinguino32X_20120405/svn/trunk/source/main.asm
               _00153_DS_   0x003c56    program     static /home/jesuscarlos/Programming_box/Pinguino/Pinguino32X_20120405/svn/trunk/source/main.asm
             _servos_init   0x0040fe    program     extern /home/jesuscarlos/Programming_box/Pinguino/Pinguino32X_20120405/svn/trunk/source/main.asm
               _00133_DS_   0x00410c    program     static /home/jesuscarlos/Programming_box/Pinguino/Pinguino32X_20120405/svn/trunk/source/main.asm
               _00136_DS_   0x00412c    program     static /home/jesuscarlos/Programming_box/Pinguino/Pinguino32X_20120405/svn/trunk/source/main.asm
                 _Delayus   0x0040ac    program     extern /home/jesuscarlos/Programming_box/Pinguino/Pinguino32X_20120405/svn/trunk/source/main.asm
               _00119_DS_   0x0040d4    program     static /home/jesuscarlos/Programming_box/Pinguino/Pinguino32X_20120405/svn/trunk/source/main.asm
               _00128_DS_   0x0040de    program     static /home/jesuscarlos/Programming_box/Pinguino/Pinguino32X_20120405/svn/trunk/source/main.asm
               _00123_DS_   0x0040e8    program     static /home/jesuscarlos/Programming_box/Pinguino/Pinguino32X_20120405/svn/trunk/source/main.asm
                 _Delayms   0x003d0e    program     extern /home/jesuscarlos/Programming_box/Pinguino/Pinguino32X_20120405/svn/trunk/source/main.asm
               _00105_DS_   0x003d56    program     static /home/jesuscarlos/Programming_box/Pinguino/Pinguino32X_20120405/svn/trunk/source/main.asm
               _00114_DS_   0x003d6c    program     static /home/jesuscarlos/Programming_box/Pinguino/Pinguino32X_20120405/svn/trunk/source/main.asm
               _00109_DS_   0x003d84    program     static /home/jesuscarlos/Programming_box/Pinguino/Pinguino32X_20120405/svn/trunk/source/main.asm
              _servomasks   0x003338    program     extern /home/jesuscarlos/Programming_box/Pinguino/Pinguino32X_20120405/svn/trunk/source/main.asm
  _usb_active_alt_setting   0x00005d       data     extern boot_iface.asm
          _usb_active_cfg   0x00005e       data     extern boot_iface.asm
        _usb_device_state   0x00005f       data     extern boot_iface.asm
         _boot_goto_table   0x00001c    program     extern boot_iface.asm
            _boot_version   0x00001c    program     extern boot_iface.asm
      _dispatch_usb_event   0x00001e    program     extern boot_iface.asm
               _reset_usb   0x000022    program     extern boot_iface.asm
               _usb_sleep   0x000026    program     extern boot_iface.asm
          _fill_in_buffer   0x00002a    program     extern boot_iface.asm
                _ep0_init   0x00002e    program     extern boot_iface.asm
                  _ep0_in   0x000032    program     extern boot_iface.asm
               _ep0_setup   0x000036    program     extern boot_iface.asm
                _ep1_init   0x00003a    program     extern boot_iface.asm
                 _ep1_out   0x00003e    program     extern boot_iface.asm
                _ep2_init   0x000042    program     extern boot_iface.asm
                  _ep2_in   0x000046    program     extern boot_iface.asm
                __mullong   0x00004a    program     extern boot_iface.asm
                 __mulint   0x00004e    program     extern boot_iface.asm
               __gptrget1   0x000052    program     extern boot_iface.asm
               __gptrget2   0x000056    program     extern boot_iface.asm
               __gptrget3   0x00005a    program     extern boot_iface.asm
               __gptrget4   0x00005e    program     extern boot_iface.asm
               __gptrput1   0x000062    program     extern boot_iface.asm
               __gptrput2   0x000066    program     extern boot_iface.asm
               __gptrput3   0x00006a    program     extern boot_iface.asm
             _delay10ktcy   0x00006e    program     extern boot_iface.asm
              _delay1ktcy   0x000072    program     extern boot_iface.asm
              _delay10tcy   0x000076    program     extern boot_iface.asm
                    r0x00   00000000       data     static fs2uchar.asm
                    r0x01   0x000001       data     static fs2uchar.asm
                    r0x02   0x000002       data     static fs2uchar.asm
                    r0x03   0x000003       data     static fs2uchar.asm
              ___fs2uchar   0x003f66    program     extern fs2uchar.asm
               _00110_DS_   0x003fd2    program     static fs2uchar.asm
               _00106_DS_   0x003fd8    program     static fs2uchar.asm
               _00107_DS_   0x003fda    program     static fs2uchar.asm
                   _stack   0x000100       data     extern /home/sdcc-builder/build/sdcc-build/orig/sdcc/device/lib/pic16/libsdcc/stack/stack.S
               _stack_end   0x0001ff       data     extern /home/sdcc-builder/build/sdcc-build/orig/sdcc/device/lib/pic16/libsdcc/stack/stack.S
                    r0x00   00000000       data     static fsgt.asm
                    r0x01   0x000001       data     static fsgt.asm
                    r0x02   0x000002       data     static fsgt.asm
                    r0x03   0x000003       data     static fsgt.asm
                    r0x04   0x000004       data     static fsgt.asm
                    r0x05   0x000005       data     static fsgt.asm
                    r0x06   0x000006       data     static fsgt.asm
                    r0x07   0x000007       data     static fsgt.asm
          ___fsgt_fl1_1_1   0x000286       data     static fsgt.asm
          ___fsgt_fl2_1_1   0x00028a       data     static fsgt.asm
                  ___fsgt   0x0036dc    program     extern fsgt.asm
               _00118_DS_   0x003798    program     static fsgt.asm
               _00106_DS_   0x00379e    program     static fsgt.asm
               _00108_DS_   0x0037a2    program     static fsgt.asm
               _00119_DS_   0x0037ce    program     static fsgt.asm
               _00111_DS_   0x0037d4    program     static fsgt.asm
               _00112_DS_   0x0037d6    program     static fsgt.asm
                    r0x00   00000000       data     static fsadd.asm
                    r0x01   0x000001       data     static fsadd.asm
                    r0x02   0x000002       data     static fsadd.asm
                    r0x03   0x000003       data     static fsadd.asm
                    r0x04   0x000004       data     static fsadd.asm
                    r0x05   0x000005       data     static fsadd.asm
                    r0x06   0x000006       data     static fsadd.asm
                    r0x07   0x000007       data     static fsadd.asm
        ___fsadd_sign_1_1   0x00028e       data     static fsadd.asm
         ___fsadd_fl1_1_1   0x000292       data     static fsadd.asm
         ___fsadd_fl2_1_1   0x000296       data     static fsadd.asm
        ___fsadd_exp1_1_1   0x0002d1       data     static fsadd.asm
        ___fsadd_exp2_1_1   0x0002d3       data     static fsadd.asm
       ___fsadd_mant1_1_1   0x00029a       data     static fsadd.asm
       ___fsadd_mant2_1_1   0x00029e       data     static fsadd.asm
                 ___fsadd   0x0024d0    program     extern fsadd.asm
               _00106_DS_   0x002574    program     static fsadd.asm
               _00108_DS_   0x002592    program     static fsadd.asm
               _00151_DS_   0x0025da    program     static fsadd.asm
               _00110_DS_   0x0025ee    program     static fsadd.asm
               _00152_DS_   0x00260c    program     static fsadd.asm
               _00112_DS_   0x002620    program     static fsadd.asm
               _10105_DS_   0x002686    program     static fsadd.asm
               _00114_DS_   0x002686    program     static fsadd.asm
               _20106_DS_   0x0026a8    program     static fsadd.asm
               _00116_DS_   0x0026a8    program     static fsadd.asm
               _00161_DS_   0x0026c0    program     static fsadd.asm
               _00163_DS_   0x0026de    program     static fsadd.asm
               _00165_DS_   0x0026f2    program     static fsadd.asm
               _00164_DS_   0x0026f4    program     static fsadd.asm
               _00162_DS_   0x002702    program     static fsadd.asm
               _00118_DS_   0x002704    program     static fsadd.asm
               _00167_DS_   0x002720    program     static fsadd.asm
               _00169_DS_   0x002734    program     static fsadd.asm
               _00168_DS_   0x002736    program     static fsadd.asm
               _00166_DS_   0x002744    program     static fsadd.asm
               _00119_DS_   0x00274c    program     static fsadd.asm
               _30107_DS_   0x002788    program     static fsadd.asm
               _00170_DS_   0x002788    program     static fsadd.asm
               _00123_DS_   0x002796    program     static fsadd.asm
               _00125_DS_   0x0027ac    program     static fsadd.asm
               _00171_DS_   0x0027d2    program     static fsadd.asm
               _40108_DS_   0x0027ea    program     static fsadd.asm
               _00130_DS_   0x0027ec    program     static fsadd.asm
               _00129_DS_   0x002812    program     static fsadd.asm
               _50109_DS_   0x002826    program     static fsadd.asm
               _00132_DS_   0x002828    program     static fsadd.asm
               _00133_DS_   0x00289e    program     static fsadd.asm
                    r0x00   00000000       data     static fsmul.asm
                    r0x01   0x000001       data     static fsmul.asm
                    r0x02   0x000002       data     static fsmul.asm
                    r0x03   0x000003       data     static fsmul.asm
                    r0x04   0x000004       data     static fsmul.asm
                    r0x05   0x000005       data     static fsmul.asm
                    r0x06   0x000006       data     static fsmul.asm
                    r0x07   0x000007       data     static fsmul.asm
                    r0x08   0x000008       data     static fsmul.asm
                    r0x0a   0x000009       data     static fsmul.asm
                    r0x0b   0x00000a       data     static fsmul.asm
         ___fsmul_fl1_1_1   0x0002a2       data     static fsmul.asm
         ___fsmul_fl2_1_1   0x0002a6       data     static fsmul.asm
         ___fsmul_exp_1_1   0x0002d5       data     static fsmul.asm
      ___fsmul_result_1_1   0x0002aa       data     static fsmul.asm
                 ___fsmul   0x0028c4    program     extern fsmul.asm
               _00105_DS_   0x002964    program     static fsmul.asm
               _00106_DS_   0x00296e    program     static fsmul.asm
               _00109_DS_   0x002b5a    program     static fsmul.asm
               _10105_DS_   0x002b8e    program     static fsmul.asm
               _00110_DS_   0x002b8e    program     static fsmul.asm
               _00142_DS_   0x002ba0    program     static fsmul.asm
               _00119_DS_   0x002bb2    program     static fsmul.asm
               _00120_DS_   0x002bba    program     static fsmul.asm
               _00115_DS_   0x002bd4    program     static fsmul.asm
               _00112_DS_   0x002bea    program     static fsmul.asm
               _00121_DS_   0x002bfa    program     static fsmul.asm
               _00122_DS_   0x002c02    program     static fsmul.asm
               _00116_DS_   0x002c4a    program     static fsmul.asm
               _00117_DS_   0x002c5a    program     static fsmul.asm
                    r0x00   00000000       data     static uchar2fs.asm
                    r0x01   0x000001       data     static uchar2fs.asm
                    r0x02   0x000002       data     static uchar2fs.asm
                    r0x03   0x000003       data     static uchar2fs.asm
              ___uchar2fs   0x00404a    program     extern uchar2fs.asm
                    r0x00   00000000       data     static divsint.asm
                    r0x01   0x000001       data     static divsint.asm
                    r0x02   0x000002       data     static divsint.asm
                    r0x03   0x000003       data     static divsint.asm
                    r0x04   0x000004       data     static divsint.asm
                    r0x05   0x000005       data     static divsint.asm
                    r0x06   0x000006       data     static divsint.asm
                    r0x07   0x000007       data     static divsint.asm
                __divsint   0x0037fc    program     extern divsint.asm
               _00110_DS_   0x003858    program     static divsint.asm
               _00111_DS_   0x003860    program     static divsint.asm
               _00112_DS_   0x003884    program     static divsint.asm
               _00113_DS_   0x00388c    program     static divsint.asm
               _00106_DS_   0x0038c6    program     static divsint.asm
               _00108_DS_   0x0038cc    program     static divsint.asm
                    r0x00   00000000       data     static fsdiv.asm
                    r0x01   0x000001       data     static fsdiv.asm
                    r0x02   0x000002       data     static fsdiv.asm
                    r0x03   0x000003       data     static fsdiv.asm
                    r0x04   0x000004       data     static fsdiv.asm
                    r0x05   0x000005       data     static fsdiv.asm
                    r0x06   0x000006       data     static fsdiv.asm
                    r0x07   0x000007       data     static fsdiv.asm
                    r0x08   0x000008       data     static fsdiv.asm
                    r0x0a   0x000009       data     static fsdiv.asm
                    r0x0b   0x00000a       data     static fsdiv.asm
         ___fsdiv_exp_1_1   0x0002d7       data     static fsdiv.asm
         ___fsdiv_fl1_1_1   0x0002ae       data     static fsdiv.asm
         ___fsdiv_fl2_1_1   0x0002b2       data     static fsdiv.asm
       ___fsdiv_mant1_1_1   0x0002b6       data     static fsdiv.asm
       ___fsdiv_mant2_1_1   0x0002ba       data     static fsdiv.asm
        ___fsdiv_mask_1_1   0x0002be       data     static fsdiv.asm
      ___fsdiv_result_1_1   0x0002c2       data     static fsdiv.asm
                 ___fsdiv   0x002c8c    program     extern fsdiv.asm
               _10105_DS_   0x002d5e    program     static fsdiv.asm
               _00106_DS_   0x002da0    program     static fsdiv.asm
               _00108_DS_   0x002db6    program     static fsdiv.asm
               _00147_DS_   0x002e26    program     static fsdiv.asm
               _20106_DS_   0x002e3e    program     static fsdiv.asm
               _00110_DS_   0x002e3e    program     static fsdiv.asm
               _00113_DS_   0x002e54    program     static fsdiv.asm
               _00148_DS_   0x002e8e    program     static fsdiv.asm
               _00112_DS_   0x002ed0    program     static fsdiv.asm
               _00115_DS_   0x002eea    program     static fsdiv.asm
               _30107_DS_   0x002ef2    program     static fsdiv.asm
               _40108_DS_   0x002ef8    program     static fsdiv.asm
               _50109_DS_   0x002efe    program     static fsdiv.asm
               _60110_DS_   0x002f06    program     static fsdiv.asm
               _00151_DS_   0x002f22    program     static fsdiv.asm
               _00124_DS_   0x002f34    program     static fsdiv.asm
               _00125_DS_   0x002f3c    program     static fsdiv.asm
               _00120_DS_   0x002f56    program     static fsdiv.asm
               _00117_DS_   0x002f6c    program     static fsdiv.asm
               _00126_DS_   0x002f7c    program     static fsdiv.asm
               _00127_DS_   0x002f84    program     static fsdiv.asm
               _00121_DS_   0x002fda    program     static fsdiv.asm
               _00122_DS_   0x002fea    program     static fsdiv.asm
                    r0x00   00000000       data     static fs2ulong.asm
                    r0x01   0x000001       data     static fs2ulong.asm
                    r0x02   0x000002       data     static fs2ulong.asm
                    r0x03   0x000003       data     static fs2ulong.asm
                    r0x04   0x000004       data     static fs2ulong.asm
                    r0x05   0x000005       data     static fs2ulong.asm
      ___fs2ulong_fl1_1_1   0x0002c6       data     static fs2ulong.asm
              ___fs2ulong   0x0038f2    program     extern fs2ulong.asm
               _00105_DS_   0x003956    program     static fs2ulong.asm
               _00106_DS_   0x003960    program     static fs2ulong.asm
               _00117_DS_   0x003996    program     static fs2ulong.asm
               _00119_DS_   0x0039a8    program     static fs2ulong.asm
               _00118_DS_   0x0039aa    program     static fs2ulong.asm
               _00116_DS_   0x0039b6    program     static fs2ulong.asm
               _00108_DS_   0x0039c4    program     static fs2ulong.asm
                    r0x00   00000000       data     static ulong2fs.asm
                    r0x01   0x000001       data     static ulong2fs.asm
                    r0x02   0x000002       data     static ulong2fs.asm
                    r0x03   0x000003       data     static ulong2fs.asm
                    r0x04   0x000004       data     static ulong2fs.asm
                    r0x05   0x000005       data     static ulong2fs.asm
                    r0x06   0x000006       data     static ulong2fs.asm
                    r0x07   0x000007       data     static ulong2fs.asm
                    r0x08   0x000008       data     static ulong2fs.asm
                    r0x09   0x000009       data     static ulong2fs.asm
                    r0x0a   0x00000a       data     static ulong2fs.asm
                    r0x0b   0x00000b       data     static ulong2fs.asm
       ___ulong2fs_fl_1_1   0x0002ca       data     static ulong2fs.asm
              ___ulong2fs   0x003560    program     extern ulong2fs.asm
               _00121_DS_   0x0035c4    program     static ulong2fs.asm
               _00107_DS_   0x0035ca    program     static ulong2fs.asm
               _00124_DS_   0x0035e0    program     static ulong2fs.asm
               _00127_DS_   0x0035fe    program     static ulong2fs.asm
               _00110_DS_   0x003600    program     static ulong2fs.asm
               _00128_DS_   0x003628    program     static ulong2fs.asm
               _00114_DS_   0x003632    program     static ulong2fs.asm
               _00130_DS_   0x003658    program     static ulong2fs.asm
               _00131_DS_   0x00365a    program     static ulong2fs.asm
               _00116_DS_   0x003668    program     static ulong2fs.asm
               _00117_DS_   0x0036a6    program     static ulong2fs.asm
                    r0x00   00000000       data     static divuint.asm
                    r0x01   0x000001       data     static divuint.asm
                    r0x02   0x000002       data     static divuint.asm
                    r0x03   0x000003       data     static divuint.asm
                    r0x04   0x000004       data     static divuint.asm
                    r0x05   0x000005       data     static divuint.asm
                    r0x06   0x000006       data     static divuint.asm
                    r0x07   0x000007       data     static divuint.asm
                __divuint   0x003c64    program     extern divuint.asm
               _00109_DS_   0x003cac    program     static divuint.asm
               _00121_DS_   0x003cd2    program     static divuint.asm
               _00110_DS_   0x003cde    program     static divuint.asm
                 _SPPDATA   0x000f62       data     extern libdev18f2550_a-pic18f2550.asm
             _SPPDATAbits   0x000f62       data     extern libdev18f2550_a-pic18f2550.asm
                  _SPPCFG   0x000f63       data     extern libdev18f2550_a-pic18f2550.asm
              _SPPCFGbits   0x000f63       data     extern libdev18f2550_a-pic18f2550.asm
                  _SPPEPS   0x000f64       data     extern libdev18f2550_a-pic18f2550.asm
              _SPPEPSbits   0x000f64       data     extern libdev18f2550_a-pic18f2550.asm
                  _SPPCON   0x000f65       data     extern libdev18f2550_a-pic18f2550.asm
              _SPPCONbits   0x000f65       data     extern libdev18f2550_a-pic18f2550.asm
                   _UFRML   0x000f66       data     extern libdev18f2550_a-pic18f2550.asm
               _UFRMLbits   0x000f66       data     extern libdev18f2550_a-pic18f2550.asm
                   _UFRMH   0x000f67       data     extern libdev18f2550_a-pic18f2550.asm
               _UFRMHbits   0x000f67       data     extern libdev18f2550_a-pic18f2550.asm
                     _UIR   0x000f68       data     extern libdev18f2550_a-pic18f2550.asm
                 _UIRbits   0x000f68       data     extern libdev18f2550_a-pic18f2550.asm
                     _UIE   0x000f69       data     extern libdev18f2550_a-pic18f2550.asm
                 _UIEbits   0x000f69       data     extern libdev18f2550_a-pic18f2550.asm
                    _UEIR   0x000f6a       data     extern libdev18f2550_a-pic18f2550.asm
                _UEIRbits   0x000f6a       data     extern libdev18f2550_a-pic18f2550.asm
                    _UEIE   0x000f6b       data     extern libdev18f2550_a-pic18f2550.asm
                _UEIEbits   0x000f6b       data     extern libdev18f2550_a-pic18f2550.asm
                   _USTAT   0x000f6c       data     extern libdev18f2550_a-pic18f2550.asm
               _USTATbits   0x000f6c       data     extern libdev18f2550_a-pic18f2550.asm
                    _UCON   0x000f6d       data     extern libdev18f2550_a-pic18f2550.asm
                _UCONbits   0x000f6d       data     extern libdev18f2550_a-pic18f2550.asm
                   _UADDR   0x000f6e       data     extern libdev18f2550_a-pic18f2550.asm
               _UADDRbits   0x000f6e       data     extern libdev18f2550_a-pic18f2550.asm
                    _UCFG   0x000f6f       data     extern libdev18f2550_a-pic18f2550.asm
                _UCFGbits   0x000f6f       data     extern libdev18f2550_a-pic18f2550.asm
                    _UEP0   0x000f70       data     extern libdev18f2550_a-pic18f2550.asm
                _UEP0bits   0x000f70       data     extern libdev18f2550_a-pic18f2550.asm
                    _UEP1   0x000f71       data     extern libdev18f2550_a-pic18f2550.asm
                _UEP1bits   0x000f71       data     extern libdev18f2550_a-pic18f2550.asm
                    _UEP2   0x000f72       data     extern libdev18f2550_a-pic18f2550.asm
                _UEP2bits   0x000f72       data     extern libdev18f2550_a-pic18f2550.asm
                    _UEP3   0x000f73       data     extern libdev18f2550_a-pic18f2550.asm
                _UEP3bits   0x000f73       data     extern libdev18f2550_a-pic18f2550.asm
                    _UEP4   0x000f74       data     extern libdev18f2550_a-pic18f2550.asm
                _UEP4bits   0x000f74       data     extern libdev18f2550_a-pic18f2550.asm
                    _UEP5   0x000f75       data     extern libdev18f2550_a-pic18f2550.asm
                _UEP5bits   0x000f75       data     extern libdev18f2550_a-pic18f2550.asm
                    _UEP6   0x000f76       data     extern libdev18f2550_a-pic18f2550.asm
                _UEP6bits   0x000f76       data     extern libdev18f2550_a-pic18f2550.asm
                    _UEP7   0x000f77       data     extern libdev18f2550_a-pic18f2550.asm
                _UEP7bits   0x000f77       data     extern libdev18f2550_a-pic18f2550.asm
                    _UEP8   0x000f78       data     extern libdev18f2550_a-pic18f2550.asm
                _UEP8bits   0x000f78       data     extern libdev18f2550_a-pic18f2550.asm
                    _UEP9   0x000f79       data     extern libdev18f2550_a-pic18f2550.asm
                _UEP9bits   0x000f79       data     extern libdev18f2550_a-pic18f2550.asm
                   _UEP10   0x000f7a       data     extern libdev18f2550_a-pic18f2550.asm
               _UEP10bits   0x000f7a       data     extern libdev18f2550_a-pic18f2550.asm
                   _UEP11   0x000f7b       data     extern libdev18f2550_a-pic18f2550.asm
               _UEP11bits   0x000f7b       data     extern libdev18f2550_a-pic18f2550.asm
                   _UEP12   0x000f7c       data     extern libdev18f2550_a-pic18f2550.asm
               _UEP12bits   0x000f7c       data     extern libdev18f2550_a-pic18f2550.asm
                   _UEP13   0x000f7d       data     extern libdev18f2550_a-pic18f2550.asm
               _UEP13bits   0x000f7d       data     extern libdev18f2550_a-pic18f2550.asm
                   _UEP14   0x000f7e       data     extern libdev18f2550_a-pic18f2550.asm
               _UEP14bits   0x000f7e       data     extern libdev18f2550_a-pic18f2550.asm
                   _UEP15   0x000f7f       data     extern libdev18f2550_a-pic18f2550.asm
               _UEP15bits   0x000f7f       data     extern libdev18f2550_a-pic18f2550.asm
                   _PORTA   0x000f80       data     extern libdev18f2550_a-pic18f2550.asm
               _PORTAbits   0x000f80       data     extern libdev18f2550_a-pic18f2550.asm
                   _PORTB   0x000f81       data     extern libdev18f2550_a-pic18f2550.asm
               _PORTBbits   0x000f81       data     extern libdev18f2550_a-pic18f2550.asm
                   _PORTC   0x000f82       data     extern libdev18f2550_a-pic18f2550.asm
               _PORTCbits   0x000f82       data     extern libdev18f2550_a-pic18f2550.asm
                   _PORTD   0x000f83       data     extern libdev18f2550_a-pic18f2550.asm
               _PORTDbits   0x000f83       data     extern libdev18f2550_a-pic18f2550.asm
                   _PORTE   0x000f84       data     extern libdev18f2550_a-pic18f2550.asm
               _PORTEbits   0x000f84       data     extern libdev18f2550_a-pic18f2550.asm
                    _LATA   0x000f89       data     extern libdev18f2550_a-pic18f2550.asm
                _LATAbits   0x000f89       data     extern libdev18f2550_a-pic18f2550.asm
                    _LATB   0x000f8a       data     extern libdev18f2550_a-pic18f2550.asm
                _LATBbits   0x000f8a       data     extern libdev18f2550_a-pic18f2550.asm
                    _LATC   0x000f8b       data     extern libdev18f2550_a-pic18f2550.asm
                _LATCbits   0x000f8b       data     extern libdev18f2550_a-pic18f2550.asm
                    _LATD   0x000f8c       data     extern libdev18f2550_a-pic18f2550.asm
                _LATDbits   0x000f8c       data     extern libdev18f2550_a-pic18f2550.asm
                    _LATE   0x000f8d       data     extern libdev18f2550_a-pic18f2550.asm
                _LATEbits   0x000f8d       data     extern libdev18f2550_a-pic18f2550.asm
                   _TRISA   0x000f92       data     extern libdev18f2550_a-pic18f2550.asm
               _TRISAbits   0x000f92       data     extern libdev18f2550_a-pic18f2550.asm
                   _TRISB   0x000f93       data     extern libdev18f2550_a-pic18f2550.asm
               _TRISBbits   0x000f93       data     extern libdev18f2550_a-pic18f2550.asm
                   _TRISC   0x000f94       data     extern libdev18f2550_a-pic18f2550.asm
               _TRISCbits   0x000f94       data     extern libdev18f2550_a-pic18f2550.asm
                   _TRISD   0x000f95       data     extern libdev18f2550_a-pic18f2550.asm
               _TRISDbits   0x000f95       data     extern libdev18f2550_a-pic18f2550.asm
                   _TRISE   0x000f96       data     extern libdev18f2550_a-pic18f2550.asm
               _TRISEbits   0x000f96       data     extern libdev18f2550_a-pic18f2550.asm
                 _OSCTUNE   0x000f9b       data     extern libdev18f2550_a-pic18f2550.asm
             _OSCTUNEbits   0x000f9b       data     extern libdev18f2550_a-pic18f2550.asm
                    _PIE1   0x000f9d       data     extern libdev18f2550_a-pic18f2550.asm
                _PIE1bits   0x000f9d       data     extern libdev18f2550_a-pic18f2550.asm
                    _PIR1   0x000f9e       data     extern libdev18f2550_a-pic18f2550.asm
                _PIR1bits   0x000f9e       data     extern libdev18f2550_a-pic18f2550.asm
                    _IPR1   0x000f9f       data     extern libdev18f2550_a-pic18f2550.asm
                _IPR1bits   0x000f9f       data     extern libdev18f2550_a-pic18f2550.asm
                    _PIE2   0x000fa0       data     extern libdev18f2550_a-pic18f2550.asm
                _PIE2bits   0x000fa0       data     extern libdev18f2550_a-pic18f2550.asm
                    _PIR2   0x000fa1       data     extern libdev18f2550_a-pic18f2550.asm
                _PIR2bits   0x000fa1       data     extern libdev18f2550_a-pic18f2550.asm
                    _IPR2   0x000fa2       data     extern libdev18f2550_a-pic18f2550.asm
                _IPR2bits   0x000fa2       data     extern libdev18f2550_a-pic18f2550.asm
                  _EECON1   0x000fa6       data     extern libdev18f2550_a-pic18f2550.asm
              _EECON1bits   0x000fa6       data     extern libdev18f2550_a-pic18f2550.asm
                  _EECON2   0x000fa7       data     extern libdev18f2550_a-pic18f2550.asm
                  _EEDATA   0x000fa8       data     extern libdev18f2550_a-pic18f2550.asm
                   _EEADR   0x000fa9       data     extern libdev18f2550_a-pic18f2550.asm
                   _RCSTA   0x000fab       data     extern libdev18f2550_a-pic18f2550.asm
               _RCSTAbits   0x000fab       data     extern libdev18f2550_a-pic18f2550.asm
                   _TXSTA   0x000fac       data     extern libdev18f2550_a-pic18f2550.asm
               _TXSTAbits   0x000fac       data     extern libdev18f2550_a-pic18f2550.asm
                   _TXREG   0x000fad       data     extern libdev18f2550_a-pic18f2550.asm
                   _RCREG   0x000fae       data     extern libdev18f2550_a-pic18f2550.asm
                   _SPBRG   0x000faf       data     extern libdev18f2550_a-pic18f2550.asm
                  _SPBRGH   0x000fb0       data     extern libdev18f2550_a-pic18f2550.asm
                   _T3CON   0x000fb1       data     extern libdev18f2550_a-pic18f2550.asm
               _T3CONbits   0x000fb1       data     extern libdev18f2550_a-pic18f2550.asm
                   _TMR3L   0x000fb2       data     extern libdev18f2550_a-pic18f2550.asm
                   _TMR3H   0x000fb3       data     extern libdev18f2550_a-pic18f2550.asm
                   _CMCON   0x000fb4       data     extern libdev18f2550_a-pic18f2550.asm
               _CMCONbits   0x000fb4       data     extern libdev18f2550_a-pic18f2550.asm
                  _CVRCON   0x000fb5       data     extern libdev18f2550_a-pic18f2550.asm
              _CVRCONbits   0x000fb5       data     extern libdev18f2550_a-pic18f2550.asm
                 _ECCP1AS   0x000fb6       data     extern libdev18f2550_a-pic18f2550.asm
             _ECCP1ASbits   0x000fb6       data     extern libdev18f2550_a-pic18f2550.asm
                _ECCP1DEL   0x000fb7       data     extern libdev18f2550_a-pic18f2550.asm
            _ECCP1DELbits   0x000fb7       data     extern libdev18f2550_a-pic18f2550.asm
                 _BAUDCON   0x000fb8       data     extern libdev18f2550_a-pic18f2550.asm
             _BAUDCONbits   0x000fb8       data     extern libdev18f2550_a-pic18f2550.asm
                 _CCP2CON   0x000fba       data     extern libdev18f2550_a-pic18f2550.asm
             _CCP2CONbits   0x000fba       data     extern libdev18f2550_a-pic18f2550.asm
                  _CCPR2L   0x000fbb       data     extern libdev18f2550_a-pic18f2550.asm
                  _CCPR2H   0x000fbc       data     extern libdev18f2550_a-pic18f2550.asm
                 _CCP1CON   0x000fbd       data     extern libdev18f2550_a-pic18f2550.asm
             _CCP1CONbits   0x000fbd       data     extern libdev18f2550_a-pic18f2550.asm
                  _CCPR1L   0x000fbe       data     extern libdev18f2550_a-pic18f2550.asm
                  _CCPR1H   0x000fbf       data     extern libdev18f2550_a-pic18f2550.asm
                  _ADCON2   0x000fc0       data     extern libdev18f2550_a-pic18f2550.asm
              _ADCON2bits   0x000fc0       data     extern libdev18f2550_a-pic18f2550.asm
                  _ADCON1   0x000fc1       data     extern libdev18f2550_a-pic18f2550.asm
              _ADCON1bits   0x000fc1       data     extern libdev18f2550_a-pic18f2550.asm
                  _ADCON0   0x000fc2       data     extern libdev18f2550_a-pic18f2550.asm
              _ADCON0bits   0x000fc2       data     extern libdev18f2550_a-pic18f2550.asm
                  _ADRESL   0x000fc3       data     extern libdev18f2550_a-pic18f2550.asm
                  _ADRESH   0x000fc4       data     extern libdev18f2550_a-pic18f2550.asm
                 _SSPCON2   0x000fc5       data     extern libdev18f2550_a-pic18f2550.asm
             _SSPCON2bits   0x000fc5       data     extern libdev18f2550_a-pic18f2550.asm
                 _SSPCON1   0x000fc6       data     extern libdev18f2550_a-pic18f2550.asm
             _SSPCON1bits   0x000fc6       data     extern libdev18f2550_a-pic18f2550.asm
                 _SSPSTAT   0x000fc7       data     extern libdev18f2550_a-pic18f2550.asm
             _SSPSTATbits   0x000fc7       data     extern libdev18f2550_a-pic18f2550.asm
                  _SSPADD   0x000fc8       data     extern libdev18f2550_a-pic18f2550.asm
                  _SSPBUF   0x000fc9       data     extern libdev18f2550_a-pic18f2550.asm
                   _T2CON   0x000fca       data     extern libdev18f2550_a-pic18f2550.asm
               _T2CONbits   0x000fca       data     extern libdev18f2550_a-pic18f2550.asm
                     _PR2   0x000fcb       data     extern libdev18f2550_a-pic18f2550.asm
                    _TMR2   0x000fcc       data     extern libdev18f2550_a-pic18f2550.asm
                   _T1CON   0x000fcd       data     extern libdev18f2550_a-pic18f2550.asm
               _T1CONbits   0x000fcd       data     extern libdev18f2550_a-pic18f2550.asm
                   _TMR1L   0x000fce       data     extern libdev18f2550_a-pic18f2550.asm
                   _TMR1H   0x000fcf       data     extern libdev18f2550_a-pic18f2550.asm
                    _RCON   0x000fd0       data     extern libdev18f2550_a-pic18f2550.asm
                _RCONbits   0x000fd0       data     extern libdev18f2550_a-pic18f2550.asm
                  _WDTCON   0x000fd1       data     extern libdev18f2550_a-pic18f2550.asm
              _WDTCONbits   0x000fd1       data     extern libdev18f2550_a-pic18f2550.asm
                 _HLVDCON   0x000fd2       data     extern libdev18f2550_a-pic18f2550.asm
             _HLVDCONbits   0x000fd2       data     extern libdev18f2550_a-pic18f2550.asm
                  _OSCCON   0x000fd3       data     extern libdev18f2550_a-pic18f2550.asm
              _OSCCONbits   0x000fd3       data     extern libdev18f2550_a-pic18f2550.asm
                   _T0CON   0x000fd5       data     extern libdev18f2550_a-pic18f2550.asm
               _T0CONbits   0x000fd5       data     extern libdev18f2550_a-pic18f2550.asm
                   _TMR0L   0x000fd6       data     extern libdev18f2550_a-pic18f2550.asm
                   _TMR0H   0x000fd7       data     extern libdev18f2550_a-pic18f2550.asm
                  _STATUS   0x000fd8       data     extern libdev18f2550_a-pic18f2550.asm
              _STATUSbits   0x000fd8       data     extern libdev18f2550_a-pic18f2550.asm
                   _FSR2L   0x000fd9       data     extern libdev18f2550_a-pic18f2550.asm
                   _FSR2H   0x000fda       data     extern libdev18f2550_a-pic18f2550.asm
               _FSR2Hbits   0x000fda       data     extern libdev18f2550_a-pic18f2550.asm
                  _PLUSW2   0x000fdb       data     extern libdev18f2550_a-pic18f2550.asm
                 _PREINC2   0x000fdc       data     extern libdev18f2550_a-pic18f2550.asm
                _POSTDEC2   0x000fdd       data     extern libdev18f2550_a-pic18f2550.asm
                _POSTINC2   0x000fde       data     extern libdev18f2550_a-pic18f2550.asm
                   _INDF2   0x000fdf       data     extern libdev18f2550_a-pic18f2550.asm
                     _BSR   0x000fe0       data     extern libdev18f2550_a-pic18f2550.asm
                 _BSRbits   0x000fe0       data     extern libdev18f2550_a-pic18f2550.asm
                   _FSR1L   0x000fe1       data     extern libdev18f2550_a-pic18f2550.asm
                   _FSR1H   0x000fe2       data     extern libdev18f2550_a-pic18f2550.asm
               _FSR1Hbits   0x000fe2       data     extern libdev18f2550_a-pic18f2550.asm
                  _PLUSW1   0x000fe3       data     extern libdev18f2550_a-pic18f2550.asm
                 _PREINC1   0x000fe4       data     extern libdev18f2550_a-pic18f2550.asm
                _POSTDEC1   0x000fe5       data     extern libdev18f2550_a-pic18f2550.asm
                _POSTINC1   0x000fe6       data     extern libdev18f2550_a-pic18f2550.asm
                   _INDF1   0x000fe7       data     extern libdev18f2550_a-pic18f2550.asm
                    _WREG   0x000fe8       data     extern libdev18f2550_a-pic18f2550.asm
                   _FSR0L   0x000fe9       data     extern libdev18f2550_a-pic18f2550.asm
                   _FSR0H   0x000fea       data     extern libdev18f2550_a-pic18f2550.asm
               _FSR0Hbits   0x000fea       data     extern libdev18f2550_a-pic18f2550.asm
                  _PLUSW0   0x000feb       data     extern libdev18f2550_a-pic18f2550.asm
                 _PREINC0   0x000fec       data     extern libdev18f2550_a-pic18f2550.asm
                _POSTDEC0   0x000fed       data     extern libdev18f2550_a-pic18f2550.asm
                _POSTINC0   0x000fee       data     extern libdev18f2550_a-pic18f2550.asm
                   _INDF0   0x000fef       data     extern libdev18f2550_a-pic18f2550.asm
                 _INTCON3   0x000ff0       data     extern libdev18f2550_a-pic18f2550.asm
             _INTCON3bits   0x000ff0       data     extern libdev18f2550_a-pic18f2550.asm
                 _INTCON2   0x000ff1       data     extern libdev18f2550_a-pic18f2550.asm
             _INTCON2bits   0x000ff1       data     extern libdev18f2550_a-pic18f2550.asm
                  _INTCON   0x000ff2       data     extern libdev18f2550_a-pic18f2550.asm
              _INTCONbits   0x000ff2       data     extern libdev18f2550_a-pic18f2550.asm
                   _PRODL   0x000ff3       data     extern libdev18f2550_a-pic18f2550.asm
                   _PRODH   0x000ff4       data     extern libdev18f2550_a-pic18f2550.asm
                  _TABLAT   0x000ff5       data     extern libdev18f2550_a-pic18f2550.asm
                 _TBLPTRL   0x000ff6       data     extern libdev18f2550_a-pic18f2550.asm
                 _TBLPTRH   0x000ff7       data     extern libdev18f2550_a-pic18f2550.asm
                 _TBLPTRU   0x000ff8       data     extern libdev18f2550_a-pic18f2550.asm
             _TBLPTRUbits   0x000ff8       data     extern libdev18f2550_a-pic18f2550.asm
                     _PCL   0x000ff9       data     extern libdev18f2550_a-pic18f2550.asm
                  _PCLATH   0x000ffa       data     extern libdev18f2550_a-pic18f2550.asm
              _PCLATHbits   0x000ffa       data     extern libdev18f2550_a-pic18f2550.asm
                  _PCLATU   0x000ffb       data     extern libdev18f2550_a-pic18f2550.asm
              _PCLATUbits   0x000ffb       data     extern libdev18f2550_a-pic18f2550.asm
                  _STKPTR   0x000ffc       data     extern libdev18f2550_a-pic18f2550.asm
              _STKPTRbits   0x000ffc       data     extern libdev18f2550_a-pic18f2550.asm
                    _TOSL   0x000ffd       data     extern libdev18f2550_a-pic18f2550.asm
                    _TOSH   0x000ffe       data     extern libdev18f2550_a-pic18f2550.asm
                    _TOSU   0x000fff       data     extern libdev18f2550_a-pic18f2550.asm
                _TOSUbits   0x000fff       data     extern libdev18f2550_a-pic18f2550.asm
                   _cinit   0x004270    program     extern  
 
